
Created /tmp/cpdbnote_fmpoa4wo/db/cellphonedb_09_03_2026_003242.zip successfully
cellphonedb 5.0.1
Reading user files...
The following user files were loaded successfully:
/tmp/cpdbnote_fmpoa4wo/in/counts.txt
/tmp/cpdbnote_fmpoa4wo/in/meta.txt
[ ][CORE][03/09/26-00:32:42][INFO] [Cluster Statistical Analysis] Threshold:0.1 Iterations:300 Debug-seed:0 Threads:1 Precision:3
[ ][CORE][03/09/26-00:32:42][WARNING] Debug random seed enabled. Set to 0
[ ][CORE][03/09/26-00:32:43][INFO] Running Real Analysis
[ ][CORE][03/09/26-00:32:43][INFO] Running Statistical Analysis
0.0% 1.0% 2.0% 3.0% 4.0% 5.0% 6.0% 7.0% 8.0% 9.0% 10.0% 11.0% 12.0% 13.0% 14.0% 15.0% 16.0% 17.0% 18.0% 19.0% 20.0% 21.0% 22.0% 23.0% 24.0% 25.0% 26.0% 27.0% 28.0% 29.0% 30.0% 31.0% 32.0% 33.0% 34.0% 35.0% 36.0% 37.0% 38.0% 39.0% 40.0% 41.0% 42.0% 43.0% 44.0% 45.0% 46.0% 47.0% 48.0% 49.0% 50.0% 51.0% 52.0% 53.0% 54.0% 55.0% 56.0% 57.0% 58.0% 59.0% 60.0% 61.0% 62.0% 63.0% 64.0% 65.0% 66.0% 67.0% 68.0% 69.0% 70.0% 71.0% 72.0% 73.0% 74.0% 75.0% 76.0% 77.0% 78.0% 79.0% 80.0% 81.0% 82.0% 83.0% 84.0% 85.0% 86.0% 87.0% 88.0% 89.0% 90.0% 91.0% 92.0% 93.0% 94.0% 95.0% 96.0% 97.0% 98.0% 99.0% [ ][CORE][03/09/26-00:32:44][INFO] Building Pvalues result
[ ][CORE][03/09/26-00:32:44][INFO] Building results
Saved deconvoluted to /tmp/cpdbnote_fmpoa4wo/n1/statistical_analysis_deconvoluted_n1.txt
Saved deconvoluted_percents to /tmp/cpdbnote_fmpoa4wo/n1/statistical_analysis_deconvoluted_percents_n1.txt
Saved means to /tmp/cpdbnote_fmpoa4wo/n1/statistical_analysis_means_n1.txt
Saved pvalues to /tmp/cpdbnote_fmpoa4wo/n1/statistical_analysis_pvalues_n1.txt
Saved significant_means to /tmp/cpdbnote_fmpoa4wo/n1/statistical_analysis_significant_means_n1.txt

N1  iterations=300, result_precision=3
    pvalues file : longest decimal expansion = 18 digits, e.g. 0.006666666666666667
    means file   : longest decimal expansion = 3 digits, e.g. 1.667

N2  get_significant_means(real, p, min_significant_mean=0.05) at the boundary
      p-value : [0.049, 0.05, 0.051]
      kept    : ['kept', 'kept', 'dropped']
      -> p exactly equal to the cut-off is KEPT; the docs say 'p.value < 0.05'.
Reading user files...
The following user files were loaded successfully:
/tmp/cpdbnote_fmpoa4wo/in/counts.txt
/tmp/cpdbnote_fmpoa4wo/in/meta.txt
[ ][CORE][03/09/26-00:32:44][INFO] [Cluster Statistical Analysis] Threshold:0.1 Iterations:200 Debug-seed:0 Threads:1 Precision:3
[ ][CORE][03/09/26-00:32:44][WARNING] Debug random seed enabled. Set to 0
[ ][CORE][03/09/26-00:32:44][INFO] Running Real Analysis
[ ][CORE][03/09/26-00:32:44][INFO] Running Statistical Analysis
0.0% 1.0% 2.0% 3.0% 4.0% 5.0% 6.0% 7.0% 8.0% 9.0% 10.0% 11.0% 12.0% 13.0% 14.0% 15.0% 16.0% 17.0% 18.0% 19.0% 20.0% 21.0% 22.0% 23.0% 24.0% 25.0% 26.0% 27.0% 28.0% 29.0% 30.0% 31.0% 32.0% 33.0% 34.0% 35.0% 36.0% 37.0% 38.0% 39.0% 40.0% 41.0% 42.0% 43.0% 44.0% 45.0% 46.0% 47.0% 48.0% 49.0% 50.0% 51.0% 52.0% 53.0% 54.0% 55.0% 56.0% 57.0% 58.0% 59.0% 60.0% 61.0% 62.0% 63.0% 64.0% 65.0% 66.0% 67.0% 68.0% 69.0% 70.0% 71.0% 72.0% 73.0% 74.0% 75.0% 76.0% 77.0% 78.0% 79.0% 80.0% 81.0% 82.0% 83.0% 84.0% 85.0% 86.0% 87.0% 88.0% 89.0% 90.0% 91.0% 92.0% 93.0% 94.0% 95.0% 96.0% 97.0% 98.0% 99.0% [ ][CORE][03/09/26-00:32:45][INFO] Building Pvalues result
[ ][CORE][03/09/26-00:32:45][INFO] Building results
Saved deconvoluted to /tmp/cpdbnote_fmpoa4wo/n3/statistical_analysis_deconvoluted_n3.txt
Saved deconvoluted_percents to /tmp/cpdbnote_fmpoa4wo/n3/statistical_analysis_deconvoluted_percents_n3.txt
Saved means to /tmp/cpdbnote_fmpoa4wo/n3/statistical_analysis_means_n3.txt
Saved pvalues to /tmp/cpdbnote_fmpoa4wo/n3/statistical_analysis_pvalues_n3.txt
Saved significant_means to /tmp/cpdbnote_fmpoa4wo/n3/statistical_analysis_significant_means_n3.txt

N3  the same analysis run with pvalue=0.0
      entries kept in significant_means      : 34 of 36
      of those, entries whose p-value is 1.0 : 13
      entries with p == 0 that were DROPPED  : 1
      -> 'keep nothing' became 'keep everything except the most significant'.

      for contrast, the same run with pvalue=0.05:
Reading user files...
The following user files were loaded successfully:
/tmp/cpdbnote_fmpoa4wo/in/counts.txt
/tmp/cpdbnote_fmpoa4wo/in/meta.txt
[ ][CORE][03/09/26-00:32:45][INFO] [Cluster Statistical Analysis] Threshold:0.1 Iterations:200 Debug-seed:0 Threads:1 Precision:3
[ ][CORE][03/09/26-00:32:45][WARNING] Debug random seed enabled. Set to 0
[ ][CORE][03/09/26-00:32:45][INFO] Running Real Analysis
[ ][CORE][03/09/26-00:32:45][INFO] Running Statistical Analysis
0.0% 1.0% 2.0% 3.0% 4.0% 5.0% 6.0% 7.0% 8.0% 9.0% 10.0% 11.0% 12.0% 13.0% 14.0% 15.0% 16.0% 17.0% 18.0% 19.0% 20.0% 21.0% 22.0% 23.0% 24.0% 25.0% 26.0% 27.0% 28.0% 29.0% 30.0% 31.0% 32.0% 33.0% 34.0% 35.0% 36.0% 37.0% 38.0% 39.0% 40.0% 41.0% 42.0% 43.0% 44.0% 45.0% 46.0% 47.0% 48.0% 49.0% 50.0% 51.0% 52.0% 53.0% 54.0% 55.0% 56.0% 57.0% 58.0% 59.0% 60.0% 61.0% 62.0% 63.0% 64.0% 65.0% 66.0% 67.0% 68.0% 69.0% 70.0% 71.0% 72.0% 73.0% 74.0% 75.0% 76.0% 77.0% 78.0% 79.0% 80.0% 81.0% 82.0% 83.0% 84.0% 85.0% 86.0% 87.0% 88.0% 89.0% 90.0% 91.0% 92.0% 93.0% 94.0% 95.0% 96.0% 97.0% 98.0% 99.0% [ ][CORE][03/09/26-00:32:46][INFO] Building Pvalues result
[ ][CORE][03/09/26-00:32:46][INFO] Building results
Saved deconvoluted to /tmp/cpdbnote_fmpoa4wo/n3b/statistical_analysis_deconvoluted_n3b.txt
Saved deconvoluted_percents to /tmp/cpdbnote_fmpoa4wo/n3b/statistical_analysis_deconvoluted_percents_n3b.txt
Saved means to /tmp/cpdbnote_fmpoa4wo/n3b/statistical_analysis_means_n3b.txt
Saved pvalues to /tmp/cpdbnote_fmpoa4wo/n3b/statistical_analysis_pvalues_n3b.txt
Saved significant_means to /tmp/cpdbnote_fmpoa4wo/n3b/statistical_analysis_significant_means_n3b.txt
      entries kept in significant_means      : 9 of 36
