
cellphonedb 5.0.1

fraction of cells expressing each gene, threshold = 0.50
      CTA   CTB   CTC
LIG1  0.5  1.00  0.50
REC1  1.0  0.75  0.25
SUB1  1.0  1.00  0.50
SUB2  1.0  1.00  0.75
LIG2  0.0  1.00  1.00

A. scaled expression matrix (step 4, 0-10 per gene across cell types):
           CTA   CTB     CTC
LIG1     2.500   0.0  10.000
REC1     6.667  10.0   0.000
SUB1     0.000  10.0   0.000
SUB2     8.000   0.0  10.000
LIG2     0.000   5.0  10.000
RECCPLX  0.000  10.0   2.699
BIGCPLX  0.000  10.0   0.000

   shipped interaction_scores:
              CTA|CTA  CTA|CTB  CTA|CTC  CTB|CTA  CTB|CTB  CTB|CTC  CTC|CTA  CTC|CTB  CTC|CTC
LIG1_REC1      16.667     25.0    0.000      0.0      0.0    0.000   66.667    100.0    0.000
LIG2_RECCPLX    0.000      0.0    0.000      0.0     50.0   13.495    0.000    100.0   26.991
LIG1_RECCPLX    0.000     25.0    6.748      0.0      0.0    0.000    0.000    100.0   26.991
LIG1_BIGCPLX    0.000     25.0    0.000      0.0      0.0    0.000    0.000    100.0    0.000

   reference port of the five documented steps:
              CTA|CTA  CTA|CTB  CTA|CTC  CTB|CTA  CTB|CTB  CTB|CTC  CTC|CTA  CTC|CTB  CTC|CTC
LIG1_REC1      16.667     25.0    0.000      0.0      0.0    0.000   66.667    100.0    0.000
LIG2_RECCPLX    0.000      0.0    0.000      0.0     50.0   13.495    0.000    100.0   26.991
LIG1_RECCPLX    0.000     25.0    6.748      0.0      0.0    0.000    0.000    100.0   26.991
LIG1_BIGCPLX    0.000     25.0    0.000      0.0      0.0    0.000    0.000    100.0    0.000

   max |shipped - reference| = 0.000
   -> the documented protocol reproduces the shipped scores exactly, including the
      geometric mean for complexes and the 0-10 rescaling (so the lowest-expressing
      cell type of every gene scores 0 by construction, as the docs warn).

B. genes sitting exactly on the threshold (pct == 0.50)
   LIG1 in CTA has pct = 0.50 exactly.
   scoring filter  `pct < threshold` -> False  (gene kept, scored)
   percent_analysis `pct > threshold` -> False  (partner counted as not expressed)
   LIG1_REC1      CTA|CTB    p-value = 1.0    significant_mean = nan    interaction_score = 25.0
   LIG1_RECCPLX   CTA|CTB    p-value = 1.0    significant_mean = nan    interaction_score = 25.0
   -> the same gene/cell type is below the bar for the significance path and above it
      for the score, from one `threshold` argument.
