limma 3.99.0 

[A] lm.series with missing values (no weights)
lm.series NA                                   coef 0.00e+00  stdev 1.11e-16  sigma 2.22e-16  df 0  NAs-agree TRUE
[B] lm.series with probe weights and missing values
lm.series NA+weights                           coef 0.00e+00  stdev 4.44e-16  sigma 4.44e-16  df 0  NAs-agree TRUE
lm.series complete+weights                     coef 0.00e+00  stdev 2.22e-16  sigma 4.44e-16  df 0  NAs-agree TRUE
[C] rank-deficient design per gene (column X zero except in samples that are NA for some genes)
lm.series genewise rank drop                   coef 0.00e+00  stdev 2.22e-16  sigma 8.88e-16  df 0  NAs-agree TRUE

[D] gls.series with block correlation
gls.series NA                                  coef 1.78e-15  stdev 2.22e-16  sigma 6.66e-16  df 0  NAs-agree TRUE
gls.series NA+weights                          coef 2.66e-15  stdev 8.88e-16  sigma 1.44e-15  df 0  NAs-agree TRUE
gls.series complete+weights                    coef 2.39e-15  stdev 7.77e-16  sigma 1.44e-15  df 0  NAs-agree TRUE
gls.series complete (fast path)                coef 0.00e+00  stdev 0.00e+00  sigma 4.44e-16  df 0  NAs-agree TRUE

[E] contrasts: exact per-gene contrast sd vs reference
lm.series(contrasts=) NA+weights: coef 0.00e+00 stdev 8.88e-16
gls.series(contrasts=) NA+weights: coef 4.00e-15 stdev 1.33e-15
lm.series(contrasts=) unweighted vs contrasts.fit: coef 0.00e+00 stdev 0.00e+00
contrasts.fit on weighted fit vs exact: coef 0.00e+00 stdev max rel 0.674

[F] nthreads=4 vs nthreads=1 (devel only)
lm.series threads: TRUE
gls.series threads: TRUE

[G] lmFit end to end (matrix input, weights, NA) vs reference
lmFit weights+NA                               coef 0.00e+00  stdev 4.44e-16  sigma 4.44e-16  df 0  NAs-agree TRUE
cov.coefficients equals chol2inv of the shared design: 0 
