limma 3.62.2 
--- .arrayWeightsREML trace (no prior weights), tol=1e-5
iter convcrit range(w)
1 0.2138735 0.3294516 1.938922 
2 0.01236459 0.3096127 2.757036 
3 0.001221143 0.3002686 3.167702 
4 6.861573e-05 0.297645 3.283304 
5 2.762911e-06 0.2970446 3.306318 
--- .arrayWeightsPrWtsREML trace (unit prior weights), tol=1e-5
iter convcrit range(w)
1 7.10543e-05 0.3294516 1.938922 
2 4.107837e-06 0.3096127 2.757036 
weights no-prior-weights : 2.6562 1.0539 0.3775 1.0147 1.0369 0.9507 0.2970 3.3063 0.9632
weights unit-prior-weights: 2.3519 1.0953 0.3976 1.0514 1.0849 0.9981 0.3096 2.7570 1.0046
max |diff| 5.493e-01
independent REML+prior score |Z2'z|/(G+prior.n): no-weights path 2.98e-04, unit-weights path 4.43e-02
unit-weights path tol=1e-05: max |diff| vs no-weights path 5.49e-01, score 4.43e-02
unit-weights path tol=1e-08: max |diff| vs no-weights path 1.11e-14, score 2.98e-04
unit-weights path tol=1e-11: max |diff| vs no-weights path 4.91e-03, score 1.69e-05
unit-weights path tol=1e-14: max |diff| vs no-weights path 5.08e-03, score 1.00e-06
random prior weights: default tol -> 1.9414 1.1884 0.4219 1.0943 1.1458 1.0783 0.3120 2.2680 1.0736
                      tol=1e-14  -> 2.5700 1.1164 0.3601 1.0107 1.1209 0.9652 0.2672 3.1590 1.0487
  max |diff| 8.910e-01; scores 7.50e-02 vs 2.69e-06
--- voom weights, method='reml' trace
iter convcrit range(w)
1 7.100284e-08 0.9737621 1.037141 
voom + reml: default 1.0097 1.0371 0.9954 1.0090 0.9977 0.9857 0.9738 1.0101 0.9829
             tol=1e-14 1.0125 1.0484 0.9930 1.0134 0.9972 0.9817 0.9664 1.0114 0.9785
  max |diff| 1.128e-02
