limma 3.34.0 
--- .arrayWeightsREML trace (no prior weights), tol=1e-5
Iter = 1  X2 = 461.4966  Array gammas -0.381088 -0.2024673 0.6558484 -0.1760848 -0.07268987 -0.1560294 0.8907498 -0.5327723 
Iter = 2  X2 = 53.8639  Array gammas -0.6264013 -0.1644342 0.8472181 -0.1256925 -0.1074784 -0.08451161 1.091263 -0.791451 
Iter = 3  X2 = 12.97067  Array gammas -0.7673163 -0.1277525 0.9178237 -0.08620034 -0.1026134 -0.03239567 1.160932 -0.942248 
Iter = 4  X2 = 4.205983  Array gammas -0.8507793 -0.1021397 0.9471533 -0.06088383 -0.08629654 -0.0006444499 1.189153 -1.037831 
Iter = 5  X2 = 1.634044  Array gammas -0.9027925 -0.08415896 0.9613189 -0.04383127 -0.07017389 0.01947647 1.202588 -1.100512 
Iter = 6  X2 = 0.6965063  Array gammas -0.9363054 -0.07154208 0.9692094 -0.03204723 -0.05729295 0.03268475 1.210013 -1.142633 
Iter = 7  X2 = 0.3125338  Array gammas -0.9583355 -0.06273835 0.9740485 -0.02385217 -0.04783046 0.04154038 1.214552 -1.171499 
Iter = 8  X2 = 0.1446385  Array gammas -0.9730001 -0.05659974 0.9771876 -0.01813092 -0.04114711 0.0475748 1.217493 -1.191547 
Iter = 9  X2 = 0.06829965  Array gammas -0.982838 -0.05230827 0.9792885 -0.01412121 -0.03651202 0.05173949 1.219462 -1.205593 
Iter = 10  X2 = 0.03270649  Array gammas -0.9894683 -0.04929814 0.9807189 -0.01130194 -0.03332243 0.05464014 1.220803 -1.215492 
Iter = 11  X2 = 0.01582199  Array gammas -0.9939489 -0.0471805 0.9817015 -0.009314876 -0.03113369 0.05667291 1.221725 -1.222496 
Iter = 12  X2 = 0.00771241  Array gammas -0.996981 -0.04568715 0.98238 -0.007911836 -0.02963252 0.05810335 1.222363 -1.227466 
Iter = 13  X2 = 0.00378143  Array gammas -0.9990344 -0.04463208 0.9828497 -0.006919817 -0.02860254 0.05911272 1.222806 -1.230999 
Iter = 14  X2 = 0.001862609  Array gammas -1.000425 -0.04388559 0.9831756 -0.00621767 -0.02789534 0.05982632 1.223113 -1.233514 
Iter = 15  X2 = 0.0009208792  Array gammas -1.001368 -0.04335683 0.9834018 -0.005720279 -0.0274094 0.0603315 1.223327 -1.235307 
Iter = 16  X2 = 0.000456689  Array gammas -1.002006 -0.04298197 0.983559 -0.005367699 -0.02707528 0.06068948 1.223477 -1.236585 
Iter = 17  X2 = 0.0002270751  Array gammas -1.002438 -0.04271604 0.9836684 -0.00511763 -0.0268454 0.06094335 1.223581 -1.237497 
Iter = 18  X2 = 0.0001131606  Array gammas -1.00273 -0.04252728 0.9837445 -0.004940186 -0.02668716 0.06112348 1.223653 -1.238149 
Iter = 19  X2 = 5.650404e-05  Array gammas -1.002928 -0.04239323 0.9837975 -0.004814225 -0.02657819 0.06125136 1.223704 -1.238614 
Iter = 20  X2 = 2.826369e-05  Array gammas -1.003062 -0.042298 0.9838344 -0.00472478 -0.02650311 0.06134218 1.223739 -1.238946 
Iter = 21  X2 = 1.416017e-05  Array gammas -1.003152 -0.04223033 0.9838601 -0.004661244 -0.02645136 0.0614067 1.223764 -1.239183 
Iter = 22  X2 = 7.104553e-06  Array gammas -1.003213 -0.04218222 0.9838781 -0.0046161 -0.02641569 0.06145255 1.223781 -1.239352 
Iter = 23  X2 = 3.569286e-06  Array gammas -1.003254 -0.04214801 0.9838906 -0.004584017 -0.02639108 0.06148514 1.223793 -1.239473 
Iter = 24  X2 = 1.795384e-06  Array gammas -1.003282 -0.04212369 0.9838993 -0.004561209 -0.0263741 0.06150831 1.223802 -1.23956 
Iter = 25  X2 = 9.04117e-07  Array gammas -1.0033 -0.04210638 0.9839054 -0.004544993 -0.02636238 0.06152479 1.223808 -1.239622 
Iter = 26  X2 = 4.55772e-07  Array gammas -1.003313 -0.04209407 0.9839097 -0.00453346 -0.02635429 0.06153651 1.223812 -1.239666 
Iter = 27  X2 = 2.29982e-07  Array gammas -1.003321 -0.04208531 0.9839127 -0.004525256 -0.0263487 0.06154485 1.223815 -1.239697 
Iter = 28  X2 = 1.161538e-07  Array gammas -1.003327 -0.04207907 0.9839148 -0.00451942 -0.02634484 0.06155079 1.223817 -1.23972 
Iter = 29  X2 = 5.871359e-08  Array gammas -1.003331 -0.04207463 0.9839162 -0.004515267 -0.02634218 0.06155501 1.223818 -1.239736 
Iter = 30  X2 = 2.970189e-08  Array gammas -1.003333 -0.04207147 0.9839173 -0.004512311 -0.02634033 0.06155801 1.223819 -1.239747 
Iter = 31  X2 = 1.503646e-08  Array gammas -1.003335 -0.04206922 0.983918 -0.004510208 -0.02633906 0.06156015 1.22382 -1.239756 
Iter = 32  X2 = 7.617297e-09  Array gammas -1.003336 -0.04206762 0.9839185 -0.00450871 -0.02633817 0.06156168 1.22382 -1.239762 
Iter = 33  X2 = 3.861259e-09  Array gammas -1.003337 -0.04206648 0.9839188 -0.004507643 -0.02633756 0.06156276 1.223821 -1.239766 
Iter = 34  X2 = 1.958439e-09  Array gammas -1.003337 -0.04206567 0.9839191 -0.004506884 -0.02633714 0.06156354 1.223821 -1.239769 
Iter = 35  X2 = 9.938611e-10  Array gammas -1.003338 -0.04206509 0.9839192 -0.004506343 -0.02633685 0.06156409 1.223821 -1.239771 
Iter = 36  X2 = 5.046134e-10  Array gammas -1.003338 -0.04206467 0.9839194 -0.004505958 -0.02633664 0.06156448 1.223821 -1.239772 
Iter = 37  X2 = 2.563263e-10  Array gammas -1.003338 -0.04206438 0.9839195 -0.004505683 -0.0263365 0.06156476 1.223821 -1.239774 
Iter = 38  X2 = 1.302608e-10  Array gammas -1.003338 -0.04206417 0.9839195 -0.004505487 -0.0263364 0.06156496 1.223821 -1.239774 
Iter = 39  X2 = 6.622267e-11  Array gammas -1.003338 -0.04206402 0.9839196 -0.004505348 -0.02633634 0.0615651 1.223821 -1.239775 
--- .arrayWeightsPrWtsREML trace (unit prior weights), tol=1e-5
Iter = 1  X2 = 461.4966  Array gammas -0.381088 -0.2024673 0.6558484 -0.1760848 -0.07268987 -0.1560294 0.8907498 -0.5327723 
Iter = 2  X2 = 53.8639  Array gammas -0.6264013 -0.1644342 0.8472181 -0.1256925 -0.1074784 -0.08451161 1.091263 -0.791451 
Iter = 3  X2 = 12.97067  Array gammas -0.7673163 -0.1277525 0.9178237 -0.08620034 -0.1026134 -0.03239567 1.160932 -0.942248 
Iter = 4  X2 = 4.205983  Array gammas -0.8507793 -0.1021397 0.9471533 -0.06088383 -0.08629654 -0.0006444499 1.189153 -1.037831 
Iter = 5  X2 = 1.634044  Array gammas -0.9027925 -0.08415896 0.9613189 -0.04383127 -0.07017389 0.01947647 1.202588 -1.100512 
Iter = 6  X2 = 0.6965063  Array gammas -0.9363054 -0.07154208 0.9692094 -0.03204723 -0.05729295 0.03268475 1.210013 -1.142633 
Iter = 7  X2 = 0.3125338  Array gammas -0.9583355 -0.06273835 0.9740485 -0.02385217 -0.04783046 0.04154038 1.214552 -1.171499 
Iter = 8  X2 = 0.1446385  Array gammas -0.9730001 -0.05659974 0.9771876 -0.01813092 -0.04114711 0.0475748 1.217493 -1.191547 
Iter = 9  X2 = 0.06829965  Array gammas -0.982838 -0.05230827 0.9792885 -0.01412121 -0.03651202 0.05173949 1.219462 -1.205593 
Iter = 10  X2 = 0.03270649  Array gammas -0.9894683 -0.04929814 0.9807189 -0.01130194 -0.03332243 0.05464014 1.220803 -1.215492 
Iter = 11  X2 = 0.01582199  Array gammas -0.9939489 -0.0471805 0.9817015 -0.009314876 -0.03113369 0.05667291 1.221725 -1.222496 
Iter = 12  X2 = 0.00771241  Array gammas -0.996981 -0.04568715 0.98238 -0.007911836 -0.02963252 0.05810335 1.222363 -1.227466 
Iter = 13  X2 = 0.00378143  Array gammas -0.9990344 -0.04463208 0.9828497 -0.006919817 -0.02860254 0.05911272 1.222806 -1.230999 
Iter = 14  X2 = 0.001862609  Array gammas -1.000425 -0.04388559 0.9831756 -0.00621767 -0.02789534 0.05982632 1.223113 -1.233514 
Iter = 15  X2 = 0.0009208792  Array gammas -1.001368 -0.04335683 0.9834018 -0.005720279 -0.0274094 0.0603315 1.223327 -1.235307 
Iter = 16  X2 = 0.000456689  Array gammas -1.002006 -0.04298197 0.983559 -0.005367699 -0.02707528 0.06068948 1.223477 -1.236585 
Iter = 17  X2 = 0.0002270751  Array gammas -1.002438 -0.04271604 0.9836684 -0.00511763 -0.0268454 0.06094335 1.223581 -1.237497 
Iter = 18  X2 = 0.0001131606  Array gammas -1.00273 -0.04252728 0.9837445 -0.004940186 -0.02668716 0.06112348 1.223653 -1.238149 
Iter = 19  X2 = 5.650404e-05  Array gammas -1.002928 -0.04239323 0.9837975 -0.004814225 -0.02657819 0.06125136 1.223704 -1.238614 
Iter = 20  X2 = 2.826369e-05  Array gammas -1.003062 -0.042298 0.9838344 -0.00472478 -0.02650311 0.06134218 1.223739 -1.238946 
Iter = 21  X2 = 1.416017e-05  Array gammas -1.003152 -0.04223033 0.9838601 -0.004661244 -0.02645136 0.0614067 1.223764 -1.239183 
Iter = 22  X2 = 7.104553e-06  Array gammas -1.003213 -0.04218222 0.9838781 -0.0046161 -0.02641569 0.06145255 1.223781 -1.239352 
Iter = 23  X2 = 3.569286e-06  Array gammas -1.003254 -0.04214801 0.9838906 -0.004584017 -0.02639108 0.06148514 1.223793 -1.239473 
Iter = 24  X2 = 1.795384e-06  Array gammas -1.003282 -0.04212369 0.9838993 -0.004561209 -0.0263741 0.06150831 1.223802 -1.23956 
Iter = 25  X2 = 9.04117e-07  Array gammas -1.0033 -0.04210638 0.9839054 -0.004544993 -0.02636238 0.06152479 1.223808 -1.239622 
Iter = 26  X2 = 4.55772e-07  Array gammas -1.003313 -0.04209407 0.9839097 -0.00453346 -0.02635429 0.06153651 1.223812 -1.239666 
Iter = 27  X2 = 2.29982e-07  Array gammas -1.003321 -0.04208531 0.9839127 -0.004525256 -0.0263487 0.06154485 1.223815 -1.239697 
Iter = 28  X2 = 1.161538e-07  Array gammas -1.003327 -0.04207907 0.9839148 -0.00451942 -0.02634484 0.06155079 1.223817 -1.23972 
Iter = 29  X2 = 5.871359e-08  Array gammas -1.003331 -0.04207463 0.9839162 -0.004515267 -0.02634218 0.06155501 1.223818 -1.239736 
Iter = 30  X2 = 2.970189e-08  Array gammas -1.003333 -0.04207147 0.9839173 -0.004512311 -0.02634033 0.06155801 1.223819 -1.239747 
Iter = 31  X2 = 1.503646e-08  Array gammas -1.003335 -0.04206922 0.983918 -0.004510208 -0.02633906 0.06156015 1.22382 -1.239756 
Iter = 32  X2 = 7.617297e-09  Array gammas -1.003336 -0.04206762 0.9839185 -0.00450871 -0.02633817 0.06156168 1.22382 -1.239762 
Iter = 33  X2 = 3.861259e-09  Array gammas -1.003337 -0.04206648 0.9839188 -0.004507643 -0.02633756 0.06156276 1.223821 -1.239766 
Iter = 34  X2 = 1.958439e-09  Array gammas -1.003337 -0.04206567 0.9839191 -0.004506884 -0.02633714 0.06156354 1.223821 -1.239769 
Iter = 35  X2 = 9.938611e-10  Array gammas -1.003338 -0.04206509 0.9839192 -0.004506343 -0.02633685 0.06156409 1.223821 -1.239771 
Iter = 36  X2 = 5.046134e-10  Array gammas -1.003338 -0.04206467 0.9839194 -0.004505958 -0.02633664 0.06156448 1.223821 -1.239772 
Iter = 37  X2 = 2.563263e-10  Array gammas -1.003338 -0.04206438 0.9839195 -0.004505683 -0.0263365 0.06156476 1.223821 -1.239774 
Iter = 38  X2 = 1.302608e-10  Array gammas -1.003338 -0.04206417 0.9839195 -0.004505487 -0.0263364 0.06156496 1.223821 -1.239774 
Iter = 39  X2 = 6.622267e-11  Array gammas -1.003338 -0.04206402 0.9839196 -0.004505348 -0.02633634 0.0615651 1.223821 -1.239775 
weights no-prior-weights : 2.7274 1.0430 0.3738 1.0045 1.0267 0.9403 0.2941 3.4548 0.9544
weights unit-prior-weights: 2.7274 1.0430 0.3738 1.0045 1.0267 0.9403 0.2941 3.4548 0.9544
max |diff| 0.000e+00
independent REML+prior score |Z2'z|/(G+prior.n): no-weights path 8.31e-03, unit-weights path 8.31e-03
unit-weights path tol=1e-05: max |diff| vs no-weights path 1.46e-03, score 8.24e-03
unit-weights path tol=1e-08: max |diff| vs no-weights path 4.60e-05, score 8.31e-03
unit-weights path tol=1e-11: max |diff| vs no-weights path 3.07e-06, score 8.31e-03
unit-weights path tol=1e-14: max |diff| vs no-weights path 4.79e-06, score 8.31e-03
random prior weights: default tol -> 2.6273 1.1070 0.3569 1.0016 1.1131 0.9554 0.2647 3.2806 1.0416
                      tol=1e-14  -> 2.6273 1.1070 0.3569 1.0016 1.1131 0.9554 0.2647 3.2806 1.0416
  max |diff| 4.599e-06; scores 7.44e-03 vs 7.44e-03
Warning message:
In regularize.values(x, y, ties, missing(ties), na.rm = na.rm) :
  collapsing to unique 'x' values
--- voom weights, method='reml' trace
Iter = 1  X2 = 0.4662699  Array gammas -0.005353443 -0.02800491 0.00545726 -0.009570249 0.003705124 0.006132141 0.02200486 -0.01028574 
Iter = 2  X2 = 0.06401977  Array gammas -0.009051154 -0.03889126 0.006621164 -0.01194624 0.00371011 0.01184026 0.02964452 -0.01210536 
Iter = 3  X2 = 0.01192931  Array gammas -0.01094651 -0.04355809 0.00689736 -0.01267855 0.003339762 0.0151963 0.03250062 -0.01213696 
Iter = 4  X2 = 0.002532137  Array gammas -0.01182246 -0.04569231 0.00698397 -0.01298414 0.003092346 0.01694934 0.03362224 -0.01189788 
Iter = 5  X2 = 0.0005674273  Array gammas -0.01220931 -0.04670495 0.007021278 -0.01314329 0.002964561 0.01782632 0.03407644 -0.01169468 
Iter = 6  X2 = 0.0001310643  Array gammas -0.01237647 -0.047195 0.007040178 -0.01323378 0.00290422 0.01825772 0.03426383 -0.01156202 
Iter = 7  X2 = 3.094524e-05  Array gammas -0.01244793 -0.04743469 0.007050037 -0.01328598 0.002876849 0.01846868 0.03434203 -0.01148298 
Iter = 8  X2 = 7.4367e-06  Array gammas -0.01247831 -0.04755264 0.007055073 -0.01331579 0.002864687 0.01857174 0.0343749 -0.01143791 
Iter = 9  X2 = 1.813362e-06  Array gammas -0.0124912 -0.0476109 0.007057565 -0.01333255 0.002859346 0.01862214 0.0343888 -0.01141286 
Iter = 10  X2 = 4.474787e-07  Array gammas -0.01249665 -0.04763976 0.007058762 -0.01334184 0.00285702 0.01864684 0.03439469 -0.01139917 
Iter = 11  X2 = 1.115013e-07  Array gammas -0.01249896 -0.04765409 0.00705932 -0.01334691 0.002856014 0.01865897 0.03439721 -0.01139177 
Iter = 12  X2 = 2.800263e-08  Array gammas -0.01249994 -0.04766122 0.007059574 -0.01334966 0.002855581 0.01866495 0.03439829 -0.01138782 
Iter = 13  X2 = 7.077184e-09  Array gammas -0.01250036 -0.04766477 0.007059687 -0.01335114 0.002855396 0.0186679 0.03439875 -0.01138572 
Iter = 14  X2 = 1.797714e-09  Array gammas -0.01250053 -0.04766654 0.007059735 -0.01335193 0.002855318 0.01866936 0.03439895 -0.01138461 
Iter = 15  X2 = 4.585e-10  Array gammas -0.0125006 -0.04766742 0.007059756 -0.01335234 0.002855285 0.01867008 0.03439904 -0.01138402 
Iter = 16  X2 = 1.173179e-10  Array gammas -0.01250064 -0.04766786 0.007059764 -0.01335256 0.002855271 0.01867044 0.03439907 -0.01138372 
Iter = 17  X2 = 3.00963e-11  Array gammas -0.01250065 -0.04766809 0.007059768 -0.01335268 0.002855266 0.01867062 0.03439909 -0.01138356 
voom + reml: default 1.0126 1.0488 0.9930 1.0134 0.9971 0.9815 0.9662 1.0114 0.9783
             tol=1e-14 1.0126 1.0488 0.9930 1.0134 0.9971 0.9815 0.9662 1.0114 0.9783
  max |diff| 2.308e-07
