limma 3.34.0 
Warning message:
In regularize.values(x, y, ties, missing(ties), na.rm = na.rm) :
  collapsing to unique 'x' values
arrayWeights(v,design) [auto]      : 1.2164 1.2115 0.2927 1.4541 1.3205 1.6835 1.2251 0.5854 
  == genebygene: TRUE   == reml(default tol): FALSE 
arrayWeights(v,design,method='reml'): 1.2179 1.2775 0.2891 1.3794 1.2945 1.7585 1.2210 0.5799 
  converged (tol=1e-14)            : 1.2179 1.2775 0.2891 1.3794 1.2945 1.7585 1.2210 0.5799 
  max |reml(default) - converged| 0.0000; max |genebygene - converged| 0.0750
Warning messages:
1: In regularize.values(x, y, ties, missing(ties), na.rm = na.rm) :
  collapsing to unique 'x' values
2: In regularize.values(x, y, ties, missing(ties), na.rm = na.rm) :
  collapsing to unique 'x' values
Warning messages:
1: In regularize.values(x, y, ties, missing(ties), na.rm = na.rm) :
  collapsing to unique 'x' values
2: In regularize.values(x, y, ties, missing(ties), na.rm = na.rm) :
  collapsing to unique 'x' values
voomWithQualityWeights() default   : 1.2165 1.2113 0.2909 1.4529 1.3237 1.6879 1.2278 0.5853 
voomWithQualityWeights(reml)       : 1.2183 1.2771 0.2872 1.3783 1.2973 1.7641 1.2237 0.5798 
  max |default - reml| 0.0761
voomLmFit not available on this build
