limma 3.34.0 
Warning message:
In regularize.values(x, y, ties, missing(ties), na.rm = na.rm) :
  collapsing to unique 'x' values
Iter = 1  X2 = 594.1318  Array gammas -0.1136682 -0.1194521 0.7655386 -0.084875 -0.1859622 -0.2800664 -0.1675318 
Iter = 2  X2 = 97.56498  Array gammas -0.1942291 -0.2089217 1.0012 -0.1532694 -0.2303501 -0.3893288 -0.1965746 
Iter = 3  X2 = 13.94905  Array gammas -0.2217027 -0.2441035 1.083313 -0.1743875 -0.2445451 -0.4438718 -0.2006987 
Iter = 4  X2 = 1.944549  Array gammas -0.2294343 -0.2573082 1.112541 -0.1788053 -0.2478452 -0.4721136 -0.1980823 
Iter = 5  X2 = 0.3296015  Array gammas -0.2313216 -0.2627652 1.122958 -0.1789509 -0.24757 -0.4871619 -0.194587 
Iter = 6  X2 = 0.07470102  Array gammas -0.2316123 -0.2652953 1.126677 -0.1783182 -0.2464859 -0.4954425 -0.1918357 
Iter = 7  X2 = 0.02145989  Array gammas -0.2315201 -0.2665805 1.128016 -0.177734 -0.2454702 -0.500127 -0.1899871 
Iter = 8  X2 = 0.006996701  Array gammas -0.231376 -0.2672745 1.128507 -0.1773273 -0.2447154 -0.5028312 -0.1888288 
Iter = 9  X2 = 0.002405879  Array gammas -0.2312584 -0.2676637 1.128692 -0.1770698 -0.2442035 -0.5044135 -0.1881276 
Iter = 10  X2 = 0.000844613  Array gammas -0.2311763 -0.2678869 1.128765 -0.1769133 -0.2438717 -0.5053471 -0.1877104 
Iter = 11  X2 = 0.0002989891  Array gammas -0.2311224 -0.2680166 1.128796 -0.1768203 -0.2436619 -0.5059009 -0.1874642 
Iter = 12  X2 = 0.0001062325  Array gammas -0.2310882 -0.2680925 1.12881 -0.1767655 -0.2435313 -0.5062304 -0.1873196 
Iter = 13  X2 = 3.78163e-05  Array gammas -0.2310668 -0.2681372 1.128817 -0.1767335 -0.2434507 -0.5064268 -0.1872347 
Iter = 14  X2 = 1.347667e-05  Array gammas -0.2310536 -0.2681636 1.12882 -0.1767148 -0.2434014 -0.5065439 -0.1871848 
Iter = 15  X2 = 4.806195e-06  Array gammas -0.2310455 -0.2681792 1.128822 -0.1767039 -0.2433713 -0.5066139 -0.1871554 
Iter = 16  X2 = 1.714912e-06  Array gammas -0.2310405 -0.2681884 1.128823 -0.1766976 -0.243353 -0.5066557 -0.1871382 
Iter = 17  X2 = 6.121314e-07  Array gammas -0.2310375 -0.2681938 1.128824 -0.1766939 -0.2433419 -0.5066807 -0.187128 
Iter = 18  X2 = 2.185598e-07  Array gammas -0.2310356 -0.2681971 1.128824 -0.1766918 -0.2433352 -0.5066956 -0.1871219 
Iter = 19  X2 = 7.805312e-08  Array gammas -0.2310345 -0.268199 1.128825 -0.1766905 -0.2433311 -0.5067046 -0.1871184 
Iter = 20  X2 = 2.787946e-08  Array gammas -0.2310338 -0.2682001 1.128825 -0.1766898 -0.2433287 -0.5067099 -0.1871163 
Iter = 21  X2 = 9.959492e-09  Array gammas -0.2310334 -0.2682008 1.128825 -0.1766894 -0.2433272 -0.5067131 -0.187115 
Iter = 22  X2 = 3.558258e-09  Array gammas -0.2310332 -0.2682012 1.128825 -0.1766891 -0.2433263 -0.506715 -0.1871143 
Iter = 23  X2 = 1.271383e-09  Array gammas -0.231033 -0.2682014 1.128825 -0.176689 -0.2433258 -0.5067161 -0.1871138 
Iter = 24  X2 = 4.543046e-10  Array gammas -0.2310329 -0.2682016 1.128825 -0.1766889 -0.2433255 -0.5067168 -0.1871136 
Iter = 25  X2 = 1.623471e-10  Array gammas -0.2310329 -0.2682017 1.128825 -0.1766888 -0.2433253 -0.5067172 -0.1871134 
Iter = 26  X2 = 5.801824e-11  Array gammas -0.2310328 -0.2682017 1.128825 -0.1766888 -0.2433252 -0.5067175 -0.1871133 
planted quality (sd multiplier): 1.00 1.00 3.00 1.00 1.00 0.50 1.00 2.00
reml default tol : 1.2599 1.3076 0.3234 1.1933 1.2755 1.6598 1.2058 0.6162
reml converged   : 1.2599 1.3076 0.3234 1.1933 1.2755 1.6598 1.2058 0.6162
genebygene       : 1.2035 1.3275 0.3292 1.2211 1.2147 1.7266 1.1923 0.6227
max |default-converged| 0.0000, max |log ratio| 0.0000
DE genes (BH<0.05, BH<0.01): default-tol weights 18 10; converged 18 10; genebygene 18 10; no sample weights 2 0
voomLmFit not available on this build
