cohort: 322
full text: 0   survey-cache fallback: 322   ({'offline': 322})

FEATURES (papers; lower bounds where source=survey_cache):
  FastQC named                                     322
  RNA-seq                                          109
  adapter content / adapters named                 90
  FastQC version stated                            85
  trimmed with Trimmomatic                         77
  trimmed with Cutadapt                            72
  duplication level named                          68
  trimmed with Trim Galore                         59
  paired-end                                       53
  reads filtered or removed after QC               45
  MultiQC also used                                44
  single-cell                                      34
  ATAC / ChIP / CUT&RUN                            26
  trimmed with fastp                               16
  metagenomics / 16S                               14
  WGS / WES / amplicon                             13
  Q20 / Q30 / Phred threshold quoted               11
  long reads (nanopore / PacBio)                   7
  quality reported as a number (mean Q / % >= Q30) 6
  per-base / per-sequence quality named            6
  overrepresented sequences named                  4
  trimmed with BBDuk / other                       4
  sequence length distribution named               4
  GC content named                                 2

VERSION FAMILY: {'0.11.x': 134, '0.12.x': 14, '0.73.x': 1, '0.25.x': 1, '0.10.x': 1, '0.9.x': 1, '0.69.x': 1}
VERSIONS (top 20): {'0.11.9': 56, '0.11.8': 30, '0.11.5': 22, '0.12.1': 13, '0.11.7': 11, '0.11.2': 6, '0.11.4': 5, '0.11.6': 4, '0.11.3': 2, '0.73': 1, '0.12.0': 1, '0.25': 1, '1.9': 1, '0.10.0': 1, '1.13': 1, '0.9.6': 1, '11.5': 1, '0.69': 1, '2.0.0': 1}

quality thresholds (Q): {'20': 3, '30': 3, '15': 2, '37': 1, '24': 1, '10': 1, '13': 1}
minimum lengths: {'20': 2, '30': 2, '60': 1, '36': 1, '1': 1, '150': 1, '500': 1, '16': 1}
duplication rates %: {}
% bases/reads >= Q: {}
read lengths (bp): {150: 1, 22: 1}

CO-PACKAGES (top 40):
  R                        174
  DESeq2                   153
  SAMtools                 109
  ImageJ                   96
  STAR                     92
  Bowtie2                  79
  featureCounts            77
  Trimmomatic              77
  GSEA                     75
  Cutadapt                 72
  UMAP                     69
  ggplot2                  62
  Seurat                   59
  Trim Galore              59
  MACS2                    59
  Picard                   56
  edgeR                    52
  BWA                      46
  GATK                     45
  MultiQC                  42
  BEDTools                 41
  Python                   38
  clusterProfiler          38
  HISAT2                   35
  limma                    32
  Bioconductor             32
  deepTools                27
  HTSeq                    27
  HOMER                    26
  RSEM                     25
  AlphaFold                24
  pheatmap                 23
  MAFFT                    22
  BLAST                    22
  scDblFinder              21
  scikit-learn             21
  fgsea                    20
  SciPy                    20
  QuPath                   17
  Fiji                     16
