cohort: 244
full text: 0   survey-cache fallback: 244   ({'offline': 244})

FEATURES (papers; lower bounds where source=survey_cache):
  DESeq2 / edgeR / limma in the same paper         153
  Seurat / Scanpy in the same paper                103
  enrichGO / GO ORA                                80
  GSEA named                                       79
  gseGO / GSEA via clusterProfiler                 54
  single-cell                                      48
  adjusted p / BH / FDR cutoff                     38
  enrichKEGG / KEGG                                37
  clusterProfiler version stated                   35
  enricher / custom gene sets                      34
  ORA / hypergeometric / Fisher named              29
  ontology BP / MF / CC named                      28
  fgsea named                                      18
  org.*.eg.db named                                17
  ranking metric stated                            14
  Reactome / WikiPathways / DO                     13
  background / universe stated                     9
  GSEA desktop / Broad                             9
  setReadable / symbols                            5
  fgsea version stated                             4
  q-value stated                                   4
  compareCluster                                   3
  enrichplot / dotplot / cnetplot                  3
  permutations stated                              3
  gene set size limits (minGSSize/maxGSSize)       2
  NES reported                                     2
  simplify                                         2

VERSION FAMILY: {'4.6': 10, '4.10': 9, '4.8': 8, '4.0': 8, '4.2': 8, '4.12': 7, '3.14': 6, '4.14': 4, '4.4': 4, '3.18': 4, '3.16': 3, '4.9': 2, '3.12': 1, '3.8': 1, '3.19': 1, '3.15': 1}
VERSIONS (top 20): {'4.10.1': 6, '4.6.2': 6, '3.14.3': 5, '4.2.2': 5, '4.8.3': 4, '4.0.5': 4, '3.18.1': 4, '4.12.0': 3, '4.14.6': 3, '4.12.6': 3, '4.6.0': 3, '4.0': 3, '4.10.0': 3, '4.4.4': 3, '3.16.1': 3, '4.8.1': 2, '4.14.0': 1, '1.38.3': 1, '4.9.2': 1, '4.8.2': 1}
FGSEA VERSIONS: {'1.24.0': 2, '1.22.0': 1, '1.26.0': 1}

ontologies: {'biological process': 11, 'Biological Process': 6, 'Cellular Component': 2, 'Molecular Function': 2, 'molecular function': 1}
padj cutoffs: {'0.05': 24, '0.1': 3, '0.001': 1}
qvalue cutoffs: {'0.05': 2, '0.1': 1}
gene-set size limits: {20000: 1}
permutations: {20000: 1}

CO-PACKAGES (top 40):
  R                        190
  DESeq2                   112
  Seurat                   93
  UMAP                     88
  GSEA                     84
  ImageJ                   74
  limma                    53
  ggplot2                  53
  STAR                     50
  MACS2                    49
  SAMtools                 45
  featureCounts            41
  FastQC                   38
  Bioconductor             37
  Bowtie2                  36
  edgeR                    33
  Python                   32
  pheatmap                 29
  scDblFinder              28
  Scanpy                   27
  Picard                   26
  BEDTools                 26
  Cutadapt                 26
  HISAT2                   24
  BWA                      23
  ComplexHeatmap           23
  deepTools                22
  Trimmomatic              20
  Trim Galore              20
  HOMER                    20
  GATK                     19
  fgsea                    18
  QuPath                   17
  scikit-learn             16
  kallisto                 16
  Signac                   15
  CellChat                 14
  PLINK                    14
  tidyverse                14
  SCENIC                   14
