
== single-end, default filters ==
junction                   STAR [str mot ann uniq multi oh] truth                       
chrA:1401-2000             [1, 1, 1, 27, 0, 46]         [1, 1, 1, 27, 0, 46]        
chrA:2301-5000             [1, 1, 1, 28, 0, 49]         [1, 1, 1, 28, 0, 49]        
chrA:10301-11000           [2, 2, 1, 38, 0, 49]         [2, 2, 1, 38, 0, 49]        
chrA:11401-13000           [2, 2, 1, 28, 0, 49]         [2, 2, 1, 28, 0, 49]        
chrA:20401-21000           [1, 1, 1, 50, 0, 50]         [1, 1, 1, 50, 0, 50]        
chrA:30501-31000           [1, 1, 1, 28, 0, 49]         [1, 1, 1, 28, 0, 49]        
chrA:50301-51000           [1, 3, 1, 24, 0, 47]         [1, 3, 1, 24, 0, 47]        
chrA:51301-52000           [1, 5, 1, 25, 0, 48]         [1, 5, 1, 25, 0, 48]        
chrA:52301-53000           [0, 0, 1, 16, 0, 43]         [0, 0, 1, 16, 0, 43]        
chrA:70301-71000           [1, 1, 1, 32, 0, 49]         [1, 1, 1, 32, 0, 49]        
chrA:70301-72000           [1, 1, 0, 46, 0, 50]         [1, 1, 0, 46, 0, 50]        
chrA:71301-72000           [1, 1, 1, 28, 0, 50]         [1, 1, 1, 28, 0, 50]        
chrA:80301-81000           [1, 1, 0, 59, 0, 46]         [1, 1, 0, 59, 0, 46]        
chrA:90301-91000           [1, 1, 1, 0, 47, 50]         [1, 1, 1, 0, 47, 50]        
chrA:100301-101000         [1, 1, 1, 33, 0, 50]         [1, 1, 1, 33, 0, 50]        
chrA:100301-102000         [1, 1, 1, 55, 0, 50]         [1, 1, 1, 55, 0, 50]        
chrA:101301-102000         [1, 1, 1, 40, 0, 50]         [1, 1, 1, 40, 0, 50]        
chrA:130291-130990         [2, 2, 0, 4, 0, 49]          [2, 2, 0, 4, 0, 49]         
chrA:130301-131000         [0, 0, 0, 39, 5, 50]         [0, 0, 0, 39, 5, 50]        
chrB:10301-11000           [1, 1, 1, 0, 47, 50]         [1, 1, 1, 0, 47, 50]        
chrB:60401-61000           [2, 2, 1, 45, 0, 49]         [2, 2, 1, 45, 0, 49]        
junctions in the raw collapse (before filters): 22; passing the documented filters: 21; in SJ.out.tab: 21; rows differing: 0
  filtered out (truth): chrA:39464-51000 uniq=1 multi=0 overhang=10 motif=0

== paired-end, default filters (a junction crossed by both mates counts once) ==
junction                   STAR [str mot ann uniq multi oh] truth                       
chrA:1401-2000             [1, 1, 1, 35, 0, 37]         [1, 1, 1, 35, 0, 37]        
chrA:2301-5000             [1, 1, 1, 34, 0, 37]         [1, 1, 1, 34, 0, 37]        
chrA:10301-11000           [2, 2, 1, 41, 0, 37]         [2, 2, 1, 41, 0, 37]        
chrA:11401-13000           [2, 2, 1, 44, 0, 37]         [2, 2, 1, 44, 0, 37]        
chrA:20401-21000           [1, 1, 1, 65, 0, 37]         [1, 1, 1, 65, 0, 37]        
chrA:30501-31000           [1, 1, 1, 32, 0, 37]         [1, 1, 1, 32, 0, 37]        
chrA:50301-51000           [1, 3, 1, 28, 0, 35]         [1, 3, 1, 28, 0, 35]        
chrA:51301-52000           [1, 5, 1, 32, 0, 37]         [1, 5, 1, 32, 0, 37]        
chrA:52301-53000           [0, 0, 1, 29, 0, 36]         [0, 0, 1, 29, 0, 36]        
chrA:70301-71000           [1, 1, 1, 42, 0, 37]         [1, 1, 1, 42, 0, 37]        
chrA:70301-72000           [1, 1, 0, 78, 0, 37]         [1, 1, 0, 78, 0, 37]        
chrA:71301-72000           [1, 1, 1, 51, 0, 37]         [1, 1, 1, 51, 0, 37]        
chrA:80301-81000           [1, 1, 0, 64, 0, 37]         [1, 1, 0, 64, 0, 37]        
chrA:90301-91000           [1, 1, 1, 0, 79, 37]         [1, 1, 1, 0, 79, 37]        
chrA:100301-101000         [1, 1, 1, 39, 0, 37]         [1, 1, 1, 39, 0, 37]        
chrA:100301-102000         [1, 1, 1, 79, 0, 36]         [1, 1, 1, 79, 0, 36]        
chrA:101301-102000         [1, 1, 1, 35, 0, 37]         [1, 1, 1, 35, 0, 37]        
chrA:130291-130990         [2, 2, 0, 4, 0, 36]          [2, 2, 0, 4, 0, 36]         
chrA:130301-131000         [0, 0, 0, 47, 3, 37]         [0, 0, 0, 47, 3, 37]        
chrB:10301-11000           [1, 1, 1, 0, 79, 37]         [1, 1, 1, 0, 79, 37]        
chrB:60401-61000           [2, 2, 1, 44, 0, 37]         [2, 2, 1, 44, 0, 37]        
junctions in the raw collapse (before filters): 22; passing the documented filters: 21; in SJ.out.tab: 21; rows differing: 0
  filtered out (truth): chrA:130302-131001 uniq=1 multi=0 overhang=31 motif=0

== single-end, --outSJfilterReads Unique ==
junction                   STAR [str mot ann uniq multi oh] truth                       
chrA:1401-2000             [1, 1, 1, 27, 0, 46]         [1, 1, 1, 27, 0, 46]        
chrA:2301-5000             [1, 1, 1, 28, 0, 49]         [1, 1, 1, 28, 0, 49]        
chrA:10301-11000           [2, 2, 1, 38, 0, 49]         [2, 2, 1, 38, 0, 49]        
chrA:11401-13000           [2, 2, 1, 28, 0, 49]         [2, 2, 1, 28, 0, 49]        
chrA:20401-21000           [1, 1, 1, 50, 0, 50]         [1, 1, 1, 50, 0, 50]        
chrA:30501-31000           [1, 1, 1, 28, 0, 49]         [1, 1, 1, 28, 0, 49]        
chrA:50301-51000           [1, 3, 1, 24, 0, 47]         [1, 3, 1, 24, 0, 47]        
chrA:51301-52000           [1, 5, 1, 25, 0, 48]         [1, 5, 1, 25, 0, 48]        
chrA:52301-53000           [0, 0, 1, 16, 0, 43]         [0, 0, 1, 16, 0, 43]        
chrA:70301-71000           [1, 1, 1, 32, 0, 49]         [1, 1, 1, 32, 0, 49]        
chrA:70301-72000           [1, 1, 0, 46, 0, 50]         [1, 1, 0, 46, 0, 50]        
chrA:71301-72000           [1, 1, 1, 28, 0, 50]         [1, 1, 1, 28, 0, 50]        
chrA:80301-81000           [1, 1, 0, 59, 0, 46]         [1, 1, 0, 59, 0, 46]        
chrA:100301-101000         [1, 1, 1, 33, 0, 50]         [1, 1, 1, 33, 0, 50]        
chrA:100301-102000         [1, 1, 1, 55, 0, 50]         [1, 1, 1, 55, 0, 50]        
chrA:101301-102000         [1, 1, 1, 40, 0, 50]         [1, 1, 1, 40, 0, 50]        
chrA:130291-130990         [2, 2, 0, 4, 0, 49]          [2, 2, 0, 4, 0, 49]         
chrA:130301-131000         [0, 0, 0, 39, 0, 50]         [0, 0, 0, 39, 0, 50]        
chrB:60401-61000           [2, 2, 1, 45, 0, 49]         [2, 2, 1, 45, 0, 49]        
junctions in the raw collapse (before filters): 20; passing the documented filters: 19; in SJ.out.tab: 19; rows differing: 0
  filtered out (truth): chrA:39464-51000 uniq=1 multi=0 overhang=10 motif=0

== single-end, count/overhang/distance filters relaxed to 1/1/5/0 ==
junction                   STAR [str mot ann uniq multi oh] truth                       
chrA:1401-2000             [1, 1, 1, 27, 0, 46]         [1, 1, 1, 27, 0, 46]        
chrA:2301-5000             [1, 1, 1, 28, 0, 49]         [1, 1, 1, 28, 0, 49]        
chrA:10301-11000           [2, 2, 1, 38, 0, 49]         [2, 2, 1, 38, 0, 49]        
chrA:11401-13000           [2, 2, 1, 28, 0, 49]         [2, 2, 1, 28, 0, 49]        
chrA:20401-21000           [1, 1, 1, 50, 0, 50]         [1, 1, 1, 50, 0, 50]        
chrA:30501-31000           [1, 1, 1, 28, 0, 49]         [1, 1, 1, 28, 0, 49]        
chrA:39464-51000           [0, 0, 0, 1, 0, 10]          [0, 0, 0, 1, 0, 10]         
chrA:50301-51000           [1, 3, 1, 24, 0, 47]         [1, 3, 1, 24, 0, 47]        
chrA:51301-52000           [1, 5, 1, 25, 0, 48]         [1, 5, 1, 25, 0, 48]        
chrA:52301-53000           [0, 0, 1, 16, 0, 43]         [0, 0, 1, 16, 0, 43]        
chrA:70301-71000           [1, 1, 1, 32, 0, 49]         [1, 1, 1, 32, 0, 49]        
chrA:70301-72000           [1, 1, 0, 46, 0, 50]         [1, 1, 0, 46, 0, 50]        
chrA:71301-72000           [1, 1, 1, 28, 0, 50]         [1, 1, 1, 28, 0, 50]        
chrA:80301-81000           [1, 1, 0, 59, 0, 46]         [1, 1, 0, 59, 0, 46]        
chrA:90301-91000           [1, 1, 1, 0, 47, 50]         [1, 1, 1, 0, 47, 50]        
chrA:100301-101000         [1, 1, 1, 33, 0, 50]         [1, 1, 1, 33, 0, 50]        
chrA:100301-102000         [1, 1, 1, 55, 0, 50]         [1, 1, 1, 55, 0, 50]        
chrA:101301-102000         [1, 1, 1, 40, 0, 50]         [1, 1, 1, 40, 0, 50]        
chrA:130291-130990         [2, 2, 0, 4, 0, 49]          [2, 2, 0, 4, 0, 49]         
chrA:130301-131000         [0, 0, 0, 39, 5, 50]         [0, 0, 0, 39, 5, 50]        
chrB:10301-11000           [1, 1, 1, 0, 47, 50]         [1, 1, 1, 0, 47, 50]        
chrB:60401-61000           [2, 2, 1, 45, 0, 49]         [2, 2, 1, 45, 0, 49]        
junctions in the raw collapse (before filters): 22; passing the documented filters: 22; in SJ.out.tab: 22; rows differing: 0

== single-end, strict count 50/40/30/30, overhang 48, distance 10 (annotated exempt) ==
junction                   STAR [str mot ann uniq multi oh] truth                       
chrA:1401-2000             [1, 1, 1, 27, 0, 46]         [1, 1, 1, 27, 0, 46]        
chrA:2301-5000             [1, 1, 1, 28, 0, 49]         [1, 1, 1, 28, 0, 49]        
chrA:10301-11000           [2, 2, 1, 38, 0, 49]         [2, 2, 1, 38, 0, 49]        
chrA:11401-13000           [2, 2, 1, 28, 0, 49]         [2, 2, 1, 28, 0, 49]        
chrA:20401-21000           [1, 1, 1, 50, 0, 50]         [1, 1, 1, 50, 0, 50]        
chrA:30501-31000           [1, 1, 1, 28, 0, 49]         [1, 1, 1, 28, 0, 49]        
chrA:50301-51000           [1, 3, 1, 24, 0, 47]         [1, 3, 1, 24, 0, 47]        
chrA:51301-52000           [1, 5, 1, 25, 0, 48]         [1, 5, 1, 25, 0, 48]        
chrA:52301-53000           [0, 0, 1, 16, 0, 43]         [0, 0, 1, 16, 0, 43]        
chrA:70301-71000           [1, 1, 1, 32, 0, 49]         [1, 1, 1, 32, 0, 49]        
chrA:71301-72000           [1, 1, 1, 28, 0, 50]         [1, 1, 1, 28, 0, 50]        
chrA:90301-91000           [1, 1, 1, 0, 47, 50]         [1, 1, 1, 0, 47, 50]        
chrA:100301-101000         [1, 1, 1, 33, 0, 50]         [1, 1, 1, 33, 0, 50]        
chrA:100301-102000         [1, 1, 1, 55, 0, 50]         [1, 1, 1, 55, 0, 50]        
chrA:101301-102000         [1, 1, 1, 40, 0, 50]         [1, 1, 1, 40, 0, 50]        
chrA:130291-130990         [2, 2, 0, 4, 0, 49]          [2, 2, 0, 4, 0, 49]         
chrA:130301-131000         [0, 0, 0, 39, 5, 50]         [0, 0, 0, 39, 5, 50]        
chrB:10301-11000           [1, 1, 1, 0, 47, 50]         [1, 1, 1, 0, 47, 50]        
chrB:60401-61000           [2, 2, 1, 45, 0, 49]         [2, 2, 1, 45, 0, 49]        
junctions in the raw collapse (before filters): 22; passing the documented filters: 19; in SJ.out.tab: 19; rows differing: 0
  filtered out (truth): chrA:39464-51000 uniq=1 multi=0 overhang=10 motif=0
  filtered out (truth): chrA:70301-72000 uniq=46 multi=0 overhang=50 motif=1
  filtered out (truth): chrA:80301-81000 uniq=59 multi=0 overhang=46 motif=1

TOTAL rows differing: 0
