cohort: 477
full text: 0   survey-cache fallback: 477   ({'offline': 477})

FEATURES (papers; lower bounds where source=survey_cache):
  Bowtie 2 named                                   477
  samtools also used                               224
  paired-end                                       139
  RNA-seq / small RNA                              132
  MACS2 also used                                  126
  Picard / MarkDuplicates also used                97
  Bowtie 2 version stated                          89
  deepTools also used                              88
  ATAC-seq                                         60
  MAPQ threshold applied                           60
  ChIP-seq                                         59
  variant calling                                  48
  --very-sensitive (either)                        41
  metagenomics / host removal / decontamination    35
  --local / local presets                          33
  -k / -a multi-reporting                          29
  --end-to-end / e2e presets                       29
  XS-tag / 'uniquely mapped' filter                27
  -X / --maxins stated                             27
  --no-mixed                                       24
  --no-discordant                                  20
  CRISPR screen / sgRNA counting                   18
  bisulfite (Bismark)                              16
  -N / -L / seed options                           15
  CUT&RUN / CUT&Tag                                13
  -I / --minins stated                             13
  Hi-C / HiChIP / Micro-C                          11
  -p threads                                       9
  fragment / insert size reported                  8
  --dovetail                                       6
  alignment rate reported                          2

VERSION FAMILY: {'2.3.x': 74, '2.4.x': 71, '2.2.x': 43, '2.5.x': 23, '2.1.x': 7, '2.33.x': 1, '2.26.x': 1, '2.0.x': 1}
VERSIONS (top 20): {'2.4.2': 24, '2.4.5': 20, '2.3.5.1': 19, '2.4.1': 17, '2.3.4.1': 15, '2.3.5': 14, '2.2.9': 13, '2.2.5': 11, '2.3.4.3': 10, '2.5.1': 8, '2.4.4': 8, '2.1.0': 7, '2.5.0': 6, '2.2.6': 5, '2.5.4': 4, '2.5.3': 4, '2.3.2': 4, '2.2.1': 3, '2.3': 2, '2.2.0': 2}

MAPQ thresholds: {'30': 12, '0': 11, '10': 8, '20': 8, '15': 3, '5': 3, '25': 2, '1': 2, '42': 1, '60': 1}
-X values: {'2000': 8, '700': 8, '1000': 3, '500': 2, '800': 2, '300': 1, '50217': 1, '400': 1, '1500': 1, '650': 1}
-I values: {'10': 8, '100': 2, '40': 1, '0': 1, '1': 1}
mapping rate %: {'96.71': 1}
fragment / insert sizes (bp): {180: 1, 150: 1}

CO-PACKAGES (top 40):
  R                        229
  SAMtools                 224
  DESeq2                   183
  MACS2                    156
  Cutadapt                 119
  BEDTools                 118
  ImageJ                   114
  featureCounts            99
  Trimmomatic              90
  STAR                     88
  Picard                   88
  UMAP                     88
  deepTools                85
  FastQC                   79
  Seurat                   77
  GSEA                     71
  ggplot2                  69
  edgeR                    66
  Trim Galore              61
  HOMER                    59
  Python                   54
  BLAST                    50
  BWA                      50
  AlphaFold                40
  MAFFT                    38
  clusterProfiler          36
  Bioconductor             36
  HISAT2                   34
  RSEM                     34
  pheatmap                 34
  GATK                     33
  fastp                    33
  HTSeq                    33
  RepeatMasker             32
  SciPy                    32
  PyMOL                    31
  minimap2                 29
  limma                    29
  HMMER                    28
  BCFtools                 24
