==============================================================================
GS1: weighted_p1.5 hit weights for negative scores
GSEA build: v4.0.3 (90792a0 2019-11-22)   openjdk version "25.0.4" 2026-07-21   python 3.11.15
==============================================================================
list: 3000 genes, 1576 with score < 0 (ranks 1424..2999)

== weighted_p1.5 (p = 1.5): ES shipped vs port |r|^p, then NES / nominal p / FDR as reported
   set                     GSEA ES    port ES      diff |      NES    NOM p    FDR q
   TOP_40                 -1.10357    1.00000  -2.10357 |   -0.736    1.000    1.000
   TOP_100_SPREAD         -0.81938    0.82931  -1.64869 |   -0.546    1.000    1.000
   BOTTOM_40              -1.50000   -1.00000  -0.50000 |   -1.000    0.000    0.000
   BOTTOM_100_SPREAD      -1.49990   -0.82759  -0.67231 |   -1.000    0.035    1.000
   SPLIT_20_20            -1.49998   -0.51150  -0.98848 |   -1.000    0.000    0.000
   NEG_SIDE_RANDOM_80     -1.49992   -0.60865  -0.89127 |   -1.000    0.029    1.000
   POS_SIDE_RANDOM_80     -1.49992    0.68013  -2.18005 |   -1.000    0.032    1.000
   RANDOM_100             -1.49990    0.26989  -1.76979 |   -1.000    0.033    1.000
   max |GSEA - port| = 2.18e+00  -> AFFECTED

== weighted_p2 (p = 2.0): ES shipped vs port |r|^p, then NES / nominal p / FDR as reported
   set                     GSEA ES    port ES      diff |      NES    NOM p    FDR q
   TOP_40                  1.00000    1.00000   0.00000 |    2.677    0.000    0.000
   TOP_100_SPREAD          0.82931    0.82931   0.00000 |    2.540    0.000    0.000
   BOTTOM_40              -1.00000   -1.00000  -0.00000 |   -2.625    0.000    0.000
   BOTTOM_100_SPREAD      -0.82759   -0.82759  -0.00000 |   -2.522    0.000    0.000
   SPLIT_20_20            -0.51664   -0.51664  -0.00000 |   -1.346    0.063    0.049
   NEG_SIDE_RANDOM_80     -0.66543   -0.66543  -0.00000 |   -1.992    0.000    0.000
   POS_SIDE_RANDOM_80      0.71696    0.71696  -0.00000 |    2.158    0.000    0.000
   RANDOM_100              0.35902    0.35902   0.00000 |    1.115    0.222    0.245
   max |GSEA - port| = 1.95e-07  -> unaffected

== weighted (p = 1.0): ES shipped vs port |r|^p, then NES / nominal p / FDR as reported
   set                     GSEA ES    port ES      diff |      NES    NOM p    FDR q
   TOP_40                  1.00000    1.00000   0.00000 |    3.852    0.000    0.000
   TOP_100_SPREAD          0.82931    0.82931  -0.00000 |    3.749    0.000    0.000
   BOTTOM_40              -1.00000   -1.00000  -0.00000 |   -3.775    0.000    0.000
   BOTTOM_100_SPREAD      -0.82759   -0.82759  -0.00000 |   -3.685    0.000    0.000
   SPLIT_20_20            -0.50705   -0.50705  -0.00000 |   -1.871    0.002    0.001
   NEG_SIDE_RANDOM_80     -0.57338   -0.57338  -0.00000 |   -2.483    0.000    0.000
   POS_SIDE_RANDOM_80      0.63901    0.63901  -0.00000 |    2.791    0.000    0.000
   RANDOM_100              0.18940    0.18940   0.00000 |    0.858    0.793    0.754
   max |GSEA - port| = 1.54e-07  -> unaffected

BOTTOM_40 under weighted_p1.5: N_R = sum |r|^1.5 over hits = 160.2892; per-hit weights should be 0.0202..0.0437;
with the shipped 1e-6 per hit the 40 hits add 4.00e-05 in total, while 2960 misses subtract 0.0003 each

DONE
