PBMC3k: 13714 genes, 8 cell types; MSigDB sets with 15..500 present members: 20813

cell type vs rest:
B cells                                         1 zeros ( 0.0 %)  all-zero sets:   0 [H=0 C2_CP_KE=0 C2_CP_RE=0 C5_GO_BP=0 C5_GO_CC=0 C5_GO_MF=0 C8=0 C7_IMMUN=0]  nearest 0.07 (HP_SMALL_EARLOBE)
CD14+ Monocytes                                 1 zeros ( 0.0 %)  all-zero sets:   0 [H=0 C2_CP_KE=0 C2_CP_RE=0 C5_GO_BP=0 C5_GO_CC=0 C5_GO_MF=0 C8=0 C7_IMMUN=0]  nearest 0.07 (HP_SMALL_EARLOBE)
CD4 T cells                                     1 zeros ( 0.0 %)  all-zero sets:   0 [H=0 C2_CP_KE=0 C2_CP_RE=0 C5_GO_BP=0 C5_GO_CC=0 C5_GO_MF=0 C8=0 C7_IMMUN=0]  nearest 0.07 (HP_SMALL_EARLOBE)
CD8 T cells                                     1 zeros ( 0.0 %)  all-zero sets:   0 [H=0 C2_CP_KE=0 C2_CP_RE=0 C5_GO_BP=0 C5_GO_CC=0 C5_GO_MF=0 C8=0 C7_IMMUN=0]  nearest 0.07 (HP_SMALL_EARLOBE)
Dendritic cells                                 1 zeros ( 0.0 %)  all-zero sets:   0 [H=0 C2_CP_KE=0 C2_CP_RE=0 C5_GO_BP=0 C5_GO_CC=0 C5_GO_MF=0 C8=0 C7_IMMUN=0]  nearest 0.07 (HP_SMALL_EARLOBE)
FCGR3A+ Monocytes                               1 zeros ( 0.0 %)  all-zero sets:   0 [H=0 C2_CP_KE=0 C2_CP_RE=0 C5_GO_BP=0 C5_GO_CC=0 C5_GO_MF=0 C8=0 C7_IMMUN=0]  nearest 0.07 (HP_SMALL_EARLOBE)
Megakaryocytes                                  1 zeros ( 0.0 %)  all-zero sets:   0 [H=0 C2_CP_KE=0 C2_CP_RE=0 C5_GO_BP=0 C5_GO_CC=0 C5_GO_MF=0 C8=0 C7_IMMUN=0]  nearest 0.07 (HP_SMALL_EARLOBE)
NK cells                                        1 zeros ( 0.0 %)  all-zero sets:   0 [H=0 C2_CP_KE=0 C2_CP_RE=0 C5_GO_BP=0 C5_GO_CC=0 C5_GO_MF=0 C8=0 C7_IMMUN=0]  nearest 0.07 (HP_SMALL_EARLOBE)

pairwise:
B cells vs CD14+ Monocytes                    837 zeros ( 6.1 %)  all-zero sets:   0 [H=0 C2_CP_KE=0 C2_CP_RE=0 C5_GO_BP=0 C5_GO_CC=0 C5_GO_MF=0 C8=0 C7_IMMUN=0]  nearest 0.60 (DESCARTES_FETAL_HEART_EPICARDIAL_FAT_CEL)
B cells vs CD4 T cells                        370 zeros ( 2.7 %)  all-zero sets:   0 [H=0 C2_CP_KE=0 C2_CP_RE=0 C5_GO_BP=0 C5_GO_CC=0 C5_GO_MF=0 C8=0 C7_IMMUN=0]  nearest 0.31 (HAY_BONE_MARROW_CD34_POS_GRAN)
B cells vs CD8 T cells                       1051 zeros ( 7.7 %)  all-zero sets:   0 [H=0 C2_CP_KE=0 C2_CP_RE=0 C5_GO_BP=0 C5_GO_CC=0 C5_GO_MF=0 C8=0 C7_IMMUN=0]  nearest 0.60 (DESCARTES_FETAL_HEART_EPICARDIAL_FAT_CEL)
B cells vs Dendritic cells                   1743 zeros (12.7 %)  all-zero sets:   0 [H=0 C2_CP_KE=0 C2_CP_RE=0 C5_GO_BP=0 C5_GO_CC=0 C5_GO_MF=0 C8=0 C7_IMMUN=0]  nearest 0.67 (DESCARTES_FETAL_HEART_EPICARDIAL_FAT_CEL)
B cells vs FCGR3A+ Monocytes                 1312 zeros ( 9.6 %)  all-zero sets:   0 [H=0 C2_CP_KE=0 C2_CP_RE=0 C5_GO_BP=0 C5_GO_CC=0 C5_GO_MF=0 C8=0 C7_IMMUN=0]  nearest 0.50 (CUI_TCF21_TARGETS_UP)
B cells vs Megakaryocytes                    2059 zeros (15.0 %)  all-zero sets:   0 [H=0 C2_CP_KE=0 C2_CP_RE=0 C5_GO_BP=0 C5_GO_CC=0 C5_GO_MF=0 C8=0 C7_IMMUN=0]  nearest 0.73 (DESCARTES_FETAL_PLACENTA_SMOOTH_MUSCLE_C)
B cells vs NK cells                          1490 zeros (10.9 %)  all-zero sets:   0 [H=0 C2_CP_KE=0 C2_CP_RE=0 C5_GO_BP=0 C5_GO_CC=0 C5_GO_MF=0 C8=0 C7_IMMUN=0]  nearest 0.62 (DESCARTES_FETAL_CEREBELLUM_OLIGODENDROCY)
CD14+ Monocytes vs CD4 T cells                203 zeros ( 1.5 %)  all-zero sets:   0 [H=0 C2_CP_KE=0 C2_CP_RE=0 C5_GO_BP=0 C5_GO_CC=0 C5_GO_MF=0 C8=0 C7_IMMUN=0]  nearest 0.20 (DESCARTES_FETAL_HEART_EPICARDIAL_FAT_CEL)
CD14+ Monocytes vs CD8 T cells                801 zeros ( 5.8 %)  all-zero sets:   0 [H=0 C2_CP_KE=0 C2_CP_RE=0 C5_GO_BP=0 C5_GO_CC=0 C5_GO_MF=0 C8=0 C7_IMMUN=0]  nearest 0.47 (DESCARTES_FETAL_HEART_EPICARDIAL_FAT_CEL)
CD14+ Monocytes vs Dendritic cells           1472 zeros (10.7 %)  all-zero sets:   0 [H=0 C2_CP_KE=0 C2_CP_RE=0 C5_GO_BP=0 C5_GO_CC=0 C5_GO_MF=0 C8=0 C7_IMMUN=0]  nearest 0.62 (DESCARTES_FETAL_ADRENAL_SYMPATHOBLASTS)
CD14+ Monocytes vs FCGR3A+ Monocytes         1282 zeros ( 9.3 %)  all-zero sets:   0 [H=0 C2_CP_KE=0 C2_CP_RE=0 C5_GO_BP=0 C5_GO_CC=0 C5_GO_MF=0 C8=0 C7_IMMUN=0]  nearest 0.47 (DESCARTES_FETAL_ADRENAL_CHROMAFFIN_CELLS)
CD14+ Monocytes vs Megakaryocytes            1645 zeros (12.0 %)  all-zero sets:   0 [H=0 C2_CP_KE=0 C2_CP_RE=0 C5_GO_BP=0 C5_GO_CC=0 C5_GO_MF=0 C8=0 C7_IMMUN=0]  nearest 0.56 (DESCARTES_FETAL_ADRENAL_SYMPATHOBLASTS)
CD14+ Monocytes vs NK cells                  1110 zeros ( 8.1 %)  all-zero sets:   0 [H=0 C2_CP_KE=0 C2_CP_RE=0 C5_GO_BP=0 C5_GO_CC=0 C5_GO_MF=0 C8=0 C7_IMMUN=0]  nearest 0.53 (DESCARTES_FETAL_ADRENAL_CHROMAFFIN_CELLS)
CD4 T cells vs CD8 T cells                    439 zeros ( 3.2 %)  all-zero sets:   0 [H=0 C2_CP_KE=0 C2_CP_RE=0 C5_GO_BP=0 C5_GO_CC=0 C5_GO_MF=0 C8=0 C7_IMMUN=0]  nearest 0.38 (HAY_BONE_MARROW_CD34_POS_GRAN)
CD4 T cells vs Dendritic cells                471 zeros ( 3.4 %)  all-zero sets:   0 [H=0 C2_CP_KE=0 C2_CP_RE=0 C5_GO_BP=0 C5_GO_CC=0 C5_GO_MF=0 C8=0 C7_IMMUN=0]  nearest 0.31 (HAY_BONE_MARROW_CD34_POS_GRAN)
CD4 T cells vs FCGR3A+ Monocytes              353 zeros ( 2.6 %)  all-zero sets:   0 [H=0 C2_CP_KE=0 C2_CP_RE=0 C5_GO_BP=0 C5_GO_CC=0 C5_GO_MF=0 C8=0 C7_IMMUN=0]  nearest 0.30 (REACTOME_NON_INTEGRIN_MEMBRANE_ECM_INTER)
CD4 T cells vs Megakaryocytes                 570 zeros ( 4.2 %)  all-zero sets:   0 [H=0 C2_CP_KE=0 C2_CP_RE=0 C5_GO_BP=0 C5_GO_CC=0 C5_GO_MF=0 C8=0 C7_IMMUN=0]  nearest 0.38 (HAY_BONE_MARROW_CD34_POS_GRAN)
CD4 T cells vs NK cells                       496 zeros ( 3.6 %)  all-zero sets:   0 [H=0 C2_CP_KE=0 C2_CP_RE=0 C5_GO_BP=0 C5_GO_CC=0 C5_GO_MF=0 C8=0 C7_IMMUN=0]  nearest 0.38 (HAY_BONE_MARROW_CD34_POS_GRAN)
CD8 T cells vs Dendritic cells               1639 zeros (12.0 %)  all-zero sets:   0 [H=0 C2_CP_KE=0 C2_CP_RE=0 C5_GO_BP=0 C5_GO_CC=0 C5_GO_MF=0 C8=0 C7_IMMUN=0]  nearest 0.56 (DESCARTES_FETAL_PANCREAS_VASCULAR_ENDOTH)
CD8 T cells vs FCGR3A+ Monocytes             1248 zeros ( 9.1 %)  all-zero sets:   0 [H=0 C2_CP_KE=0 C2_CP_RE=0 C5_GO_BP=0 C5_GO_CC=0 C5_GO_MF=0 C8=0 C7_IMMUN=0]  nearest 0.54 (DESCARTES_FETAL_KIDNEY_URETERIC_BUD_CELL)
CD8 T cells vs Megakaryocytes                2002 zeros (14.6 %)  all-zero sets:   0 [H=0 C2_CP_KE=0 C2_CP_RE=0 C5_GO_BP=0 C5_GO_CC=0 C5_GO_MF=0 C8=0 C7_IMMUN=0]  nearest 0.75 (DESCARTES_FETAL_PANCREAS_VASCULAR_ENDOTH)
CD8 T cells vs NK cells                      1590 zeros (11.6 %)  all-zero sets:   0 [H=0 C2_CP_KE=0 C2_CP_RE=0 C5_GO_BP=0 C5_GO_CC=0 C5_GO_MF=0 C8=0 C7_IMMUN=0]  nearest 0.57 (HOWARD_DENDRITIC_CELL_INACT_MONOV_INFLUE)
Dendritic cells vs FCGR3A+ Monocytes         2315 zeros (16.9 %)  all-zero sets:   0 [H=0 C2_CP_KE=0 C2_CP_RE=0 C5_GO_BP=0 C5_GO_CC=0 C5_GO_MF=0 C8=0 C7_IMMUN=0]  nearest 0.67 (DESCARTES_FETAL_KIDNEY_VASCULAR_ENDOTHEL)
Dendritic cells vs Megakaryocytes            4344 zeros (31.7 %)  all-zero sets:   0 [H=0 C2_CP_KE=0 C2_CP_RE=0 C5_GO_BP=0 C5_GO_CC=0 C5_GO_MF=0 C8=0 C7_IMMUN=0]  nearest 0.94 (DESCARTES_FETAL_ADRENAL_SYMPATHOBLASTS)
Dendritic cells vs NK cells                  2414 zeros (17.6 %)  all-zero sets:   0 [H=0 C2_CP_KE=0 C2_CP_RE=0 C5_GO_BP=0 C5_GO_CC=0 C5_GO_MF=0 C8=0 C7_IMMUN=0]  nearest 0.69 (HOWARD_PBMC_INACT_MONOV_INFLUENZA_A_INDO)
FCGR3A+ Monocytes vs Megakaryocytes          2830 zeros (20.6 %)  all-zero sets:   0 [H=0 C2_CP_KE=0 C2_CP_RE=0 C5_GO_BP=0 C5_GO_CC=0 C5_GO_MF=0 C8=0 C7_IMMUN=0]  nearest 0.72 (DESCARTES_FETAL_KIDNEY_VASCULAR_ENDOTHEL)
FCGR3A+ Monocytes vs NK cells                1768 zeros (12.9 %)  all-zero sets:   0 [H=0 C2_CP_KE=0 C2_CP_RE=0 C5_GO_BP=0 C5_GO_CC=0 C5_GO_MF=0 C8=0 C7_IMMUN=0]  nearest 0.67 (DESCARTES_FETAL_ADRENAL_CHROMAFFIN_CELLS)
Megakaryocytes vs NK cells                   3091 zeros (22.5 %)  all-zero sets:   0 [H=0 C2_CP_KE=0 C2_CP_RE=0 C5_GO_BP=0 C5_GO_CC=0 C5_GO_MF=0 C8=0 C7_IMMUN=0]  nearest 0.80 (DESCARTES_FETAL_ADRENAL_CHROMAFFIN_CELLS)
