==============================================================================
GS3: all-zero-score gene set under the weighted scheme
GSEA build: master (dc35c76 2025-03-10)   openjdk version "25.0.4" 2026-07-21   python 3.11.15
==============================================================================
list: 5000 genes, 1500 scored 0 at ranks 2100..3599 (30% of the list)

== weighted: report rows for the planted sets (port ES from the paper's definition; 'undefined' when N_R = 0)
   set                  GSEA ES   port ES      NES    NOM p    FDR q   rank | rank of first member / (N - N_H)
   ALL_ZERO_20          -0.4418 undefined   -1.112    0.285    0.327   2801 | -2200/4980 = -0.4418
   ALL_ZERO_40_LATE     -0.7056 undefined   -2.020    0.000    0.000   1501 | -3500/4960 = -0.7056
   ZERO_19_PLUS_1        0.5785    0.5785    1.351    0.085    0.284   2099 | -2099/4980 = -0.4215
   TOP_30                1.0000    1.0000    2.527    0.000    0.000     29 | -0/4970 = 0.0000
   BOTTOM_30            -1.0000   -1.0000   -2.785    0.000    0.000     31 | -4970/4970 = -1.0000
   log lines mentioning NaN / infinite / ties: 0
   most negative NES in the report: BOTTOM_30 (-2.78), ALL_ZERO_40_LATE (-2.02), RANDOM_00 (-1.13)

== classic: report rows for the planted sets (port ES from the paper's definition; 'undefined' when N_R = 0)
   set                  GSEA ES   port ES      NES    NOM p    FDR q   rank | rank of first member / (N - N_H)
   ALL_ZERO_20           0.5582    0.5582    3.025    0.000    0.000   2219 | -2200/4980 = -0.4418
   ALL_ZERO_40_LATE     -0.7056   -0.7056   -5.233    0.000    0.000   1501 | -3500/4960 = -0.7056
   ZERO_19_PLUS_1        0.5384    0.5384    2.908    0.000    0.000   2318 | -2099/4980 = -0.4215
   TOP_30                1.0000    1.0000    6.405    0.000    0.000     29 | -0/4970 = 0.0000
   BOTTOM_30            -1.0000   -1.0000   -6.578    0.000    0.000     31 | -4970/4970 = -1.0000
   log lines mentioning NaN / infinite / ties: 0
   most negative NES in the report: BOTTOM_30 (-6.58), ALL_ZERO_40_LATE (-5.23), RANDOM_00 (-1.51)

DONE
