lme4 1.1.35.1 from /usr/lib/R/site-library 

25 replicates per size; Bernoulli y ~ x + (1|g), 10 obs per cluster, sd(RE) = 1.2, beta = (-0.5, 1)
nobs   hess   med.ratio ratio<0.5 ratio>2   any.warn  bad&warn  bad&nowarn
200    25     1.010     2         0         2         2         0        
500    25     1.010     4         0         5         4         0        
1000   25     1.010     2         0         2         2         0        
2500   25     1.010     0         0         0         0         0        
5000   25     1.011     1         0         1         1         0        
9990   25     1.011     0         0         0         0         0        
10010  25     1.011     0         0         0         0         0        

The replicates with SE_hess/SE_RX outside [0.5, 2] (SE_default is what summary() prints):
 nobs rep   beta0 SE_default   SE_hess  SE_RX z_default   z_RX
  200  12 -1.0522  0.0023807 0.0023807 0.3168    -442.0 -3.321
  200  16 -0.7904  0.0026429 0.0026429 0.3394    -299.0 -2.329
  500   2 -0.6217  0.0015602 0.0015602 0.2365    -398.5 -2.629
  500  10 -0.9708  0.0017328 0.0017328 0.1998    -560.2 -4.860
  500  15 -0.4855  0.0014716 0.0014716 0.2474    -329.9 -1.963
  500  18 -0.3712  0.0018719 0.0018719 0.2121    -198.3 -1.750
 1000   1 -0.3996  0.0012400 0.0012400 0.1643    -322.3 -2.433
 1000   9 -0.5780  0.0013488 0.0013488 0.1441    -428.5 -4.010
 5000  25 -0.5168  0.0005286 0.0005286 0.0701    -977.6 -7.372
                                                                        warning
  Model failed to converge with max|grad| = 0.029655 (tol = 0.002, component 1)
 Model failed to converge with max|grad| = 0.0266486 (tol = 0.002, component 1)
 Model failed to converge with max|grad| = 0.0453064 (tol = 0.002, component 1)
 Model failed to converge with max|grad| = 0.0407877 (tol = 0.002, component 1)
 Model failed to converge with max|grad| = 0.0480305 (tol = 0.002, component 1)
 Model failed to converge with max|grad| = 0.0377347 (tol = 0.002, component 1)
 Model failed to converge with max|grad| = 0.0569563 (tol = 0.002, component 1)
 Model failed to converge with max|grad| = 0.0522262 (tol = 0.002, component 1)
  Model failed to converge with max|grad| = 0.133275 (tol = 0.002, component 1)

Mechanism on one nobs = 9990 replicate: second differences of the deviance at the optimum
  convergence warnings: none 
Error in h(simpleError(msg, call)) : 
  error in evaluating the argument 'obj' in selecting a method for function 'unname': 'arg' should be one of "X", "Z", "Zt", "Ztlist", "mmList", "y", "mu", "u", "b", "Gp", "Tp", "L", "Lambda", "Lambdat", "Lind", "Tlist", "A", "RX", "RZX", "sigma", "flist", "fixef", "beta", "theta", "ST", "REML", "is_REML", "n_rtrms", "n_rfacs", "N", "n", "p", "q", "p_i", "l_i", "q_i", "k", "m_i", "m", "cnms", "devcomp", "offset", "lower", "devfun", "glmer.nb.theta"
Calls: unname -> getME -> getME.merMod -> match.arg
Execution halted
