cohort: 318
full text: 0   survey-cache fallback: 318   ({'offline': 318})

FEATURES (papers; lower bounds where source=survey_cache):
  voom / limma                                     77
  DESeq2 also used                                 66
  TMM / normLibSizes / calcNormFactors             62
  featureCounts / Rsubread                         59
  pseudo-bulk / single-cell                        58
  adjusted p / FDR / BH                            53
  batch / covariate in design                      52
  R version stated                                 43
  ATAC / ChIP / CUT&RUN / methylation              42
  cpm / logCPM / rpkm / TPM                        39
  Salmon / kallisto / tximport                     32
  edgeR version stated                             29
  log fold change cutoff                           21
  Bioconductor version stated                      15
  glmQLFit / QL F-test                             12
  filterByExpr / low-count filter                  9
  CRISPR screen / sgRNA                            8
  glmFit / glmLRT                                  7
  exactTest                                        5
  estimateDisp / dispersion                        5
  gene set (camera/fry/roast/goana/kegga)          3
  RLE / upperquartile named                        1

VERSION FAMILY: {'3.32': 8, '3.26': 8, '4.2': 7, '3.30': 7, '3.36': 6, '4.0': 5, '3.42': 5, '3.34': 5, '3.40': 4, '3.24': 4, '3.28': 3, '3.20': 2, '3.9': 2, '4.6': 1, '3.22': 1, '4.4': 1, '3.8': 1, '3.50': 1, '3.38': 1, '3.2': 1, '3.35': 1, '4.1': 1, '3.19': 1, '3.55': 1, '3.18': 1, '3.0': 1, '3.12': 1}
VERSIONS (top 20): {'3.32.1': 7, '3.36.0': 6, '3.26.8': 6, '3.30.3': 5, '3.40.2': 4, '3.24.3': 4, '3.42.4': 4, '4.0.16': 3, '4.2.2': 3, '3.34.1': 3, '4.2.0': 2, '4.0.2': 2, '3.28.1': 2, '3.34.0': 2, '3.30.0': 2, '3.9': 2, '4.6.2': 1, '3.22.5': 1, '0.27': 1, '4.4.1': 1}

resolutions: {'0.6': 2, '0.25': 1, '2.4': 1, '0.2': 1, '0.7': 1, '0.3': 1, '0.5': 1}
mito %: {'5': 2}
padj cutoffs: {'0.05': 26, '0.01': 5, '0.1': 2, '0.15': 1}
lfc cutoffs: {'1': 5, '2': 3, '0.1': 1, '0.15': 1, '0.5': 1, '0.8': 1, '1.5': 1}
dims: {20: 5, 30: 4, 50: 3, 1: 3, 2: 2, 3: 2, 5: 2, 100: 2, 40: 2, 6: 1}

CO-PACKAGES (top 40):
  R                        191
  ImageJ                   105
  UMAP                     101
  Seurat                   96
  GSEA                     90
  limma                    77
  STAR                     70
  SAMtools                 70
  MACS2                    69
  Bowtie2                  66
  featureCounts            65
  DESeq2                   65
  ggplot2                  58
  FastQC                   52
  Bioconductor             48
  BEDTools                 42
  Cutadapt                 41
  clusterProfiler          33
  HISAT2                   33
  Trimmomatic              32
  fgsea                    31
  deepTools                31
  Picard                   31
  HTSeq                    30
  Python                   29
  scDblFinder              29
  Trim Galore              26
  kallisto                 26
  BWA                      25
  RSEM                     25
  HOMER                    25
  pheatmap                 23
  ComplexHeatmap           23
  Scanpy                   21
  Enrichr                  20
  scikit-learn             19
  GATK                     19
  tidyverse                18
  BLAST                    17
  QuPath                   17
