### run 1: devel library (clusterProfiler 4.21.1.2 wrapper)
fgsea 1.39.4  enrichit 0.2.2 
fgsea: multilevel rows=34 simple rows=34
enrichit: multilevel rows=34 sample rows=34 permute rows=34
enrichit seed: seed=FALSE twice identical p: FALSE (1.225e-19 vs 1.832e-19); seed=7 twice: TRUE; set.seed(3)+FALSE twice: TRUE
ties: fgsea ES=0.413989 enrichit ES=0.413989; warnings issued: 3 (There are ties in the preranked stats (0 | geneList is not sorted in descending ord | There are ties in the preranked stats (0)
clusterProfiler 4.21.1.2 
clusterProfiler::GSEA rows=34; identical to enrichit multilevel (same seed): ES TRUE, pvalue TRUE
done
### run 2: legacy library in front (DOSE 3.30.0; clusterProfiler 4.12.0 skipped by the version test)
fgsea 1.39.4  enrichit 0.2.2 
fgsea: multilevel rows=34 simple rows=34
enrichit: multilevel rows=34 sample rows=34 permute rows=34
enrichit seed: seed=FALSE twice identical p: FALSE (1.225e-19 vs 1.832e-19); seed=7 twice: TRUE; set.seed(3)+FALSE twice: TRUE
ties: fgsea ES=0.413989 enrichit ES=0.413989; warnings issued: 3 (There are ties in the preranked stats (0 | geneList is not sorted in descending ord | There are ties in the preranked stats (0)
DOSE 3.30.0 
DOSE: by=fgsea rows=34 by=DOSE rows=34
done
----- python

== fgsea_multilevel: 34 sets tested; SMALL tested: False; BIG tested: False
   max |ES - reference| = 8.99e-08
   size - reference size: [0]  (ABSENT size = 12, DUP size = 15)
   leading edge == reference: 34/34

== fgsea_simple: 34 sets tested; SMALL tested: False; BIG tested: False
   max |ES - reference| = 8.99e-08
   size - reference size: [0]  (ABSENT size = 12, DUP size = 15)
   leading edge == reference: 34/34

== fgsea_simple_p0 (gseaParam=0): 34 sets tested; SMALL tested: False; BIG tested: False
   max |ES - reference| = 4.44e-16
   size - reference size: [0]  (ABSENT size = 12, DUP size = 15)
   leading edge == reference: 34/34

== fgsea_simple_p2 (gseaParam=2): 34 sets tested; SMALL tested: False; BIG tested: False
   max |ES - reference| = 1.87e-07
   size - reference size: [0]  (ABSENT size = 12, DUP size = 15)
   leading edge == reference: 34/34

== enrichit_multilevel: 34 sets tested; SMALL tested: False; BIG tested: False
   max |ES - reference| = 8.99e-08
   size - reference size: [0]  (ABSENT size = 12, DUP size = 15)
   leading edge == reference: 34/34
   rank == reference: 34/34
   'tags/list/signal' string == reference: 34/34

== enrichit_sample: 34 sets tested; SMALL tested: False; BIG tested: False
   max |ES - reference| = 2.23e-14
   size - reference size: [0]  (ABSENT size = 12, DUP size = 15)
   leading edge == reference: 34/34
   rank == reference: 34/34
   'tags/list/signal' string == reference: 33/34

== enrichit_permute: 34 sets tested; SMALL tested: False; BIG tested: False
   max |ES - reference| = 2.23e-14
   size - reference size: [0]  (ABSENT size = 12, DUP size = 15)
   leading edge == reference: 34/34
   rank == reference: 34/34
   'tags/list/signal' string == reference: 33/34

== enrichit_sample_p0 (exponent=0): 34 sets tested; SMALL tested: False; BIG tested: False
   max |ES - reference| = 2.37e-14
   size - reference size: [0]  (ABSENT size = 12, DUP size = 15)
   leading edge == reference: 34/34
   rank == reference: 34/34
   'tags/list/signal' string == reference: 34/34

== enrichit_sample_p2 (exponent=2): 34 sets tested; SMALL tested: False; BIG tested: False
   max |ES - reference| = 1.55e-14
   size - reference size: [0]  (ABSENT size = 12, DUP size = 15)
   leading edge == reference: 34/34
   rank == reference: 34/34
   'tags/list/signal' string == reference: 33/34

== enrichit_multilevel_p0 (exponent=0): 34 sets tested; SMALL tested: False; BIG tested: False
   max |ES - reference| = 4.44e-16
   size - reference size: [0]  (ABSENT size = 12, DUP size = 15)
   leading edge == reference: 34/34
   rank == reference: 34/34
   'tags/list/signal' string == reference: 34/34

== enrichit_multilevel_p2 (exponent=2): 34 sets tested; SMALL tested: False; BIG tested: False
   max |ES - reference| = 1.87e-07
   size - reference size: [0]  (ABSENT size = 12, DUP size = 15)
   leading edge == reference: 34/34
   rank == reference: 34/34
   'tags/list/signal' string == reference: 34/34

== dose_fgsea (legacy DOSE by='fgsea'): 34 sets tested; SMALL tested: False; BIG tested: False
   max |ES - reference| = 8.99e-08
   size - reference size: [0]  (ABSENT size = 12, DUP size = 15)
   leading edge == reference: 32/34
   rank == reference: 34/34
   'tags/list/signal' string == reference: 32/34

== dose_perm (legacy DOSE by='DOSE'): 34 sets tested; SMALL tested: False; BIG tested: False
   max |ES - reference| = 6.94e-16
   size - reference size: [0]  (ABSENT size = 12, DUP size = 15)
   leading edge == reference: 32/34
   rank == reference: 34/34
   'tags/list/signal' string == reference: 32/34

== clusterProfiler_GSEA (clusterProfiler::GSEA devel): 34 sets tested; SMALL tested: False; BIG tested: False
   max |ES - reference| = 8.99e-08
   size - reference size: [0]  (ABSENT size = 12, DUP size = 15)
   leading edge == reference: 34/34
   rank == reference: 34/34
   'tags/list/signal' string == reference: 34/34

== fgsea_multilevel_pos: max |ES - max(running sum)| = 8.99e-08; leading edge from top == reference: 34/34

== enrichit_multilevel_pos: max |ES - max(running sum)| = 8.99e-08; leading edge from top == reference: 34/34

== cross-engine NES / p-value on the two planted sets and 3 random sets
set                        UP1     DOWN1     R01    R02    R03
fgsea_ml p            6.01e-20  2.96e-12   0.105  0.964  0.334
fgsea_ml NES             2.999    -2.711  -1.183  0.771  1.050
fgsea_simple p        9.22e-05  0.000108  0.0999  0.961  0.346
fgsea_simple NES         3.007    -2.695  -1.190  0.768  1.045
enrichit_ml p         2.06e-19  2.75e-12     0.1  0.965  0.331
enrichit_ml NES          2.974    -2.654  -1.196  0.776  1.049
enrichit_sample p        5e-05     5e-05   0.041  0.546  0.204
enrichit_sample NES      3.010    -2.686  -1.188  0.765  1.041
enrichit_permute p      0.0005    0.0005   0.046  0.551  0.194
enrichit_permute NES     2.987    -2.666  -1.180  0.763  1.042
DOSE_fgsea p          1.33e-19  4.71e-12  0.0907  0.955  0.347
DOSE_fgsea NES           2.985    -2.688  -1.199  0.763  1.044
DOSE_perm p           0.000932   0.00106  0.0868  0.974  0.353
DOSE_perm NES            3.055    -2.720  -1.194  0.762  1.042

== ties: reference ES with tied block in input order = 0.413989; fgsea 0.413989; enrichit 0.413989
