# healthy inputs, master vs fix (3dvolreg -base 0); see README
== vr_nii_master.1D
  0.0000  -0.0000  -0.0000   0.0000  -0.0000  -0.0000
  0.2457   0.0492   0.2893   0.0341  -0.7491  -0.1115
 -1.6635   0.2844   0.1831  -0.0111   0.6510   0.3023
 -1.5719   0.0106   0.2503  -0.0443   0.3354   0.1752
 -5.4428  -0.1742   0.3066   0.0085  -0.3548   1.0601
  0.2968  -0.2259   0.0713   0.0210  -0.1661  -0.5182
 -5.9362  -0.1088   0.3552  -0.0237  -0.3205  -0.4313
 -6.4787   0.0151   0.1902  -0.0267   1.4387  -0.6737
== vr_nii_fix.1D
  0.0000  -0.0000  -0.0000   0.0000  -0.0000  -0.0000
  0.2457   0.0492   0.2893   0.0341  -0.7491  -0.1115
 -1.6635   0.2844   0.1831  -0.0111   0.6510   0.3023
 -1.5719   0.0106   0.2503  -0.0443   0.3354   0.1752
 -5.4428  -0.1742   0.3066   0.0085  -0.3548   1.0601
  0.2968  -0.2259   0.0713   0.0210  -0.1661  -0.5182
 -5.9362  -0.1088   0.3552  -0.0237  -0.3205  -0.4313
 -6.4787   0.0151   0.1902  -0.0267   1.4387  -0.6737
== vr_brik_master.1D
  0.0000  -0.0000  -0.0000   0.0000  -0.0000  -0.0000
  0.2457   0.0492   0.2893   0.0341  -0.7491  -0.1115
 -1.6635   0.2844   0.1831  -0.0111   0.6510   0.3023
 -1.5719   0.0106   0.2503  -0.0443   0.3354   0.1752
 -5.4428  -0.1742   0.3066   0.0085  -0.3548   1.0601
  0.2968  -0.2259   0.0713   0.0210  -0.1661  -0.5182
 -5.9362  -0.1088   0.3552  -0.0237  -0.3205  -0.4313
 -6.4787   0.0151   0.1902  -0.0267   1.4387  -0.6737
== vr_brik_fix.1D
  0.0000  -0.0000  -0.0000   0.0000  -0.0000  -0.0000
  0.2457   0.0492   0.2893   0.0341  -0.7491  -0.1115
 -1.6635   0.2844   0.1831  -0.0111   0.6510   0.3023
 -1.5719   0.0106   0.2503  -0.0443   0.3354   0.1752
 -5.4428  -0.1742   0.3066   0.0085  -0.3548   1.0601
  0.2968  -0.2259   0.0713   0.0210  -0.1661  -0.5182
 -5.9362  -0.1088   0.3552  -0.0237  -0.3205  -0.4313
 -6.4787   0.0151   0.1902  -0.0267   1.4387  -0.6737
