$ 3dcalc -a synth.nii -expr a -prefix withext.nii
++ 3dcalc: AFNI version=AFNI_26.2.06 (Sep  3 2026) [64-bit]
++ Authored by: A cast of thousands
++ Output dataset ./withext.nii
[exit status 0]
$ 3dinfo -ntimes -nv dropped.nii

** WARNING: NIfTI file /dev/shm/afni/work/after_work/dropped.nii dimensions altered since AFNI extension was added
*+ WARNING: AFNI extension of /dev/shm/afni/work/after_work/dropped.nii claims 8 time points, but the dataset has 7 sub-bricks; using 7
7	7
[exit status 0]
(-ntimes is the length of the time axis, -nv the number of sub-bricks; both should be 7)
$ 3dvolreg -prefix vr.nii.gz -1Dfile vr.1D -base 0 dropped.nii
++ 3dvolreg: AFNI version=AFNI_26.2.06 (Sep  3 2026) [64-bit]
++ Authored by: RW Cox

** WARNING: NIfTI file /dev/shm/afni/work/after_work/dropped.nii dimensions altered since AFNI extension was added
*+ WARNING: AFNI extension of /dev/shm/afni/work/after_work/dropped.nii claims 8 time points, but the dataset has 7 sub-bricks; using 7
++ edt_blur: sigx 9, dx 3, fwhm 21.1934, sfac 2.5, firx 8
++ Max displacement in automask = 3.28 (mm) at sub-brick 4
++ Max delta displ  in automask = 3.77 (mm) at sub-brick 5
[exit status 0]
vr.nii.gz size: 10553 bytes (-1 = missing)
RESULT: exit=0 output_bytes=10553
