picard: 3.0.0
truth: transcript bases 1000, coverage min 50 max 50 (every base 50 -> CV 0, biases 1.0)

--- CollectRnaSeqMetrics STRAND=NONE
  PF_ALIGNED_BASES: 52500
  CODING_BASES: 50000
  INTRONIC_BASES: 0
  INTERGENIC_BASES: 2500
  PCT_CODING_BASES: 0.952381
  MEDIAN_CV_COVERAGE: 0.031639
  MEDIAN_5PRIME_BIAS: 1.001001
  MEDIAN_3PRIME_BIAS: 1.001001
  MEDIAN_5PRIME_TO_3PRIME_BIAS: 1
  normalized_coverage at percent 0,1,49,50,51,99,100: [1.001, 1.001, 1.001, 0.91, 1.001, 1.001, 1.001]
  percentiles with normalized coverage < 0.99: {50: 0.91}

--- CollectRnaSeqMetrics STRAND=SECOND_READ_TRANSCRIPTION_STRAND
  PF_ALIGNED_BASES: 52500
  CODING_BASES: 50000
  INTRONIC_BASES: 0
  INTERGENIC_BASES: 2500
  PCT_CODING_BASES: 0.952381
  MEDIAN_CV_COVERAGE: 0.031639
  MEDIAN_5PRIME_BIAS: 1.001001
  MEDIAN_3PRIME_BIAS: 1.001001
  MEDIAN_5PRIME_TO_3PRIME_BIAS: 1
  normalized_coverage at percent 0,1,49,50,51,99,100: [1.001, 1.001, 1.001, 0.91, 1.001, 1.001, 1.001]
  percentiles with normalized coverage < 0.99: {50: 0.91}

bug model (last block base dropped): coverage at transcript bases 500 and 1000 = 0, 49; CV = 0.0316; 5'/3' = 1.0000
  bug model normalized coverage at percent 50: 0.910
  bug model normalized coverage at percent 100: 1.001
