edgeR/limma: 4.10.5 3.68.4
part 1: adjustedProfileLik() vs port, 300 genes, n=7
  design ~group    phi=0.001 : max |edgeR - port| = 1.64e-08  (APL range -346.3..-16.7)
  design ~group    phi=0.01  : max |edgeR - port| = 7.00e-09  (APL range -92.2..-16.6)
  design ~group    phi=0.1   : max |edgeR - port| = 2.44e-09  (APL range -63.2..-17.0)
  design ~group    phi=0.5   : max |edgeR - port| = 2.05e-09  (APL range -65.4..-18.8)
  design ~group    phi=2     : max |edgeR - port| = 8.69e-10  (APL range -69.2..-22.1)
  design ~group+x  phi=0.001 : max |edgeR - port| = 5.25e-07  (APL range -345.2..-18.1)
  design ~group+x  phi=0.01  : max |edgeR - port| = 1.51e-06  (APL range -95.1..-18.1)
  design ~group+x  phi=0.1   : max |edgeR - port| = 3.65e-06  (APL range -63.5..-18.3)
  design ~group+x  phi=0.5   : max |edgeR - port| = 7.91e-06  (APL range -66.2..-19.7)
  design ~group+x  phi=2     : max |edgeR - port| = 3.87e-06  (APL range -69.7..-22.5)

part 2: estimateDisp(trend.method='none'), 300 genes
  common dispersion: edgeR 0.081414; maximizeInterpolant on the port grid 0.081414; continuous argmax of the port's summed APL 0.081475
  prior.df: edgeR 21.2953; squeezeVar on port-independent deviances at the common dispersion 21.2953; prior.n 4.2591 (= prior.df/(n-p) = 4.2591)
  tagwise dispersions: max |log2 ratio| edgeR vs WLEB on the port grid = 8.60e-10
  common dispersion, fine-grid maximiser of the summed APL: 0.081474 (edgeR's 21-point grid + spline: 0.081414, relative difference 7.4e-04)
  tagwise, 21-point grid + spline vs fine-grid maximiser of the same objective: median |log2 ratio| 5.44e-04, max 2.20e-03

part 3: estimateDisp() defaults (locfit trend): common 0.081414, prior.df 65.0274, span 0.6852
  trended: max |log2 ratio| edgeR vs locfit(degree 0) of the port grid + maximizeInterpolant = 1.95e-10
  tagwise: max |log2 ratio| edgeR vs WLEB(port grid, same m0, edgeR prior.n)              = 6.61e-10
