cohort: 331
full text: 0   survey-cache fallback: 331   ({'offline': 331})

FEATURES (papers; lower bounds where source=survey_cache):
  cutadapt version stated                      95
  quality trimming (-q / Phred cutoff)         79
  RNA-seq                                      74
  paired-end                                   65
  minimum length (-m)                          57
  demultiplexing / barcodes                    56
  amplicon / 16S / primer removal              55
  ATAC / ChIP / CUT&RUN / CUT&Tag              46
  single-cell                                  45
  3' adapter (-a) or 3' adapter named          36
  Trim Galore wrapper                          33
  maximum length (-M)                          28
  Illumina TruSeq / universal adapter          24
  CRISPR screen / sgRNA                        21
  UMI                                          20
  nanopore / long reads                        16
  small RNA / miRNA                            15
  bisulfite / EM-seq                           14
  error rate (-e)                              13
  minimum overlap (-O)                         12
  5' adapter (-g) or 5' adapter named          11
  poly-A / poly-T trimming                     10
  fixed cut (-u/-U)                            7
  R2 adapter (-A/-G)                           5
  multi-core (-j)                              4
  shorten (-l/--length)                        4
  ribosome profiling                           3
  --times (-n)                                 3
  --max-ee / expected errors                   3
  --max-n                                      2
  --nextseq-trim                               2
  --interleaved                                1
  --action (mask/retain/none)                  1
  --discard-untrimmed / --trimmed-only         1
  anywhere adapter (-b)                        1

VERSION FAMILY: {'1.x': 60, '2.x': 44, '3.x': 37, '4.x': 37, '0.x': 1}
VERSIONS (top 25): {'1.18': 21, '3.4': 19, '4.1': 17, '1.15': 9, '2.8': 8, '2.10': 7, '2.6': 6, '2.1': 6, '2.3': 5, '4.4': 5, '2.5': 5, '3.2': 5, '4.9': 4, '1.16': 4, '4.2': 3, '3.5': 3, '3.3': 3, '4.0': 3, '3.1': 3, '1.8.1': 3, '2.4': 3, '1.8.3': 3, '4.8': 2, '1.9.1': 2, '2.9': 2}

minimum lengths: {20: 9, 25: 6, 15: 5, 1: 4, 150: 3, 50: 3, 30: 2, 100: 2, 10: 2, 35: 2}
quality cutoffs: {30: 10, 20: 7, 10: 7, 0: 5, 2: 2, 15: 2, 25: 2, 42: 1, 19: 1, 40: 1}
error rates: {'0.2': 3, '0.1': 2, '1': 1, '0.22': 1}
overlaps: {5: 5, 3: 2, 2: 1, 10: 1, 0: 1, 20: 1, 4: 1, 1: 1}
adapter sequences (top 10): {'TGGAATTCTCGGGTGCCAAGG': 3, 'AGATCGGAAGAGCACACGTCTGAACTCCAGTCA': 3, 'AGATCGGAAGAGCACACGTCTGAACTCCAGTCAC': 2, 'CTGTAGGCACCATCAAT': 2, 'CTGTCTCTTATACACATCT': 2, 'GATCGTCGGACTGTAGAACTCTGAAC': 1, 'AGATCGGAAGAGCGTCGTGTAGGG': 1, 'GATCGGAAGAGCACACGTCTGAACTCCAGTCAC': 1, 'CCTTGGCACCCGAGAATTCCANNNNNNNGTCAG': 1, 'AGATCGGAAGAGCACACGTCTGAAC': 1}

CO-PACKAGES (top 40):
  R                        173
  DESeq2                   141
  SAMtools                 121
  Bowtie2                  119
  ImageJ                   91
  STAR                     89
  featureCounts            78
  BEDTools                 73
  UMAP                     73
  FastQC                   72
  Seurat                   68
  ggplot2                  67
  MACS2                    57
  Picard                   52
  GSEA                     50
  BWA                      48
  edgeR                    41
  Python                   38
  deepTools                38
  HISAT2                   32
  AlphaFold                29
  Bioconductor             29
  Trimmomatic              29
  pheatmap                 28
  GATK                     28
  HTSeq                    28
  BLAST                    28
  scikit-learn             27
  clusterProfiler          26
  minimap2                 26
  Trim Galore              25
  limma                    25
  PyMOL                    24
  HOMER                    23
  MAFFT                    23
  DADA2                    23
  RSEM                     22
  fgsea                    22
  BCFtools                 20
  MultiQC                  19
