featureCounts 2.0.1 | seed 1 | fragments per file 400
annotation: 49 genes, 115 exon lines

== SE: 622 records, 400 fragments/records
[default] (defaults): summary total 622 vs 622 units; status/target mismatches 0/400; count mismatches 0/49 -> OK
[-O] -O: summary total 622 vs 622 units; status/target mismatches 0/400; count mismatches 0/49 -> OK
[-s 1] -s 1: summary total 622 vs 622 units; status/target mismatches 0/400; count mismatches 0/49 -> OK
[-s 2] -s 2: summary total 622 vs 622 units; status/target mismatches 0/400; count mismatches 0/49 -> OK
[-M] -M: summary total 622 vs 622 units; status/target mismatches 0/400; count mismatches 0/49 -> OK
[-M --fraction] -M --fraction: summary total 622 vs 622 units; status/target mismatches 0/400; count mismatches 0/49 -> OK
[--primary] --primary: summary total 622 vs 622 units; status/target mismatches 0/400; count mismatches 0/49 -> OK
[-M --primary] -M --primary: summary total 622 vs 622 units; status/target mismatches 0/400; count mismatches 0/49 -> OK
[-O --fraction] -O --fraction: summary total 622 vs 622 units; status/target mismatches 0/400; count mismatches 0/49 -> OK
[-M -O --fraction] -O -M --fraction: summary total 622 vs 622 units; status/target mismatches 0/400; count mismatches 0/49 -> OK
[-Q 10] -Q 10: summary total 622 vs 622 units; status/target mismatches 0/400; count mismatches 0/49 -> OK
[-Q 30 -s 2] -s 2 -Q 30: summary total 622 vs 622 units; status/target mismatches 0/400; count mismatches 0/49 -> OK
[--ignoreDup] --ignoreDup: summary total 622 vs 622 units; status/target mismatches 0/400; count mismatches 0/49 -> OK
[--splitOnly] --splitOnly: summary total 622 vs 622 units; status/target mismatches 0/400; count mismatches 0/49 -> OK
[--nonSplitOnly] --nonSplitOnly: summary total 622 vs 622 units; status/target mismatches 0/400; count mismatches 0/49 -> OK
[--minOverlap 10] --minOverlap 10: summary total 622 vs 622 units; status/target mismatches 0/400; count mismatches 0/49 -> OK
[--fracOverlap 0.5] --fracOverlap 0.5: summary total 622 vs 622 units; status/target mismatches 0/400; count mismatches 0/49 -> OK
[--fracOverlap 1] --fracOverlap 1.0: summary total 622 vs 622 units; status/target mismatches 0/400; count mismatches 0/49 -> OK
[--largestOverlap] --largestOverlap: summary total 622 vs 622 units; status/target mismatches 0/400; count mismatches 0/49 -> OK
[-O --largestOverlap] -O --largestOverlap: summary total 622 vs 622 units; status/target mismatches 0/400; count mismatches 0/49 -> OK
[--nonOverlap 5] --nonOverlap 5: summary total 622 vs 622 units; status/target mismatches 0/400; count mismatches 0/49 -> OK
[--fracOverlapFeature 0.5] --fracOverlapFeature 0.5: summary total 622 vs 622 units; status/target mismatches 0/400; count mismatches 0/49 -> OK
[--nonOverlapFeature 20] --nonOverlapFeature 20: summary total 622 vs 622 units; status/target mismatches 0/400; count mismatches 0/49 -> OK
[--minOverlap 10 --largestOverlap -O --fraction] -O --fraction --largestOverlap --minOverlap 10: summary total 622 vs 622 units; status/target mismatches 0/400; count mismatches 27/49 -> MISMATCH
    count: G019 expected 2.0 got 1.33
    count: G004 expected 0.333 got 0.25
    count: G035 expected 18.0 got 15.67
    count: G018 expected 4.0 got 2.83
    count: G023 expected 3.0 got 2.0
    count: G034 expected 6.5 got 6.0
[-f] -f: summary total 622 vs 622 units; status/target mismatches 0/400; count mismatches 0/115 -> OK
[-f -O] -O -f: summary total 622 vs 622 units; status/target mismatches 0/400; count mismatches 0/115 -> OK
[-f -O --fraction --largestOverlap] -O --fraction --largestOverlap -f: summary total 622 vs 622 units; status/target mismatches 0/400; count mismatches 39/115 -> MISMATCH
    count: LINE_0000081 expected 1.0 got 0.5
    count: LINE_0000011 expected 1.333 got 1.08
    count: LINE_0000037 expected 0.333 got 0.25
    count: LINE_0000027 expected 0.333 got 0.25
    count: LINE_0000013 expected 4.0 got 2.58
    count: LINE_0000052 expected 1.0 got 0.5
[--read2pos 5] --read2pos 5: summary total 622 vs 622 units; status/target mismatches 0/400; count mismatches 0/49 -> OK
[--read2pos 3 -s 1] -s 1 --read2pos 3: summary total 622 vs 622 units; status/target mismatches 0/400; count mismatches 0/49 -> OK
[--readExtension5 20] --readExtension5 20: summary total 622 vs 622 units; status/target mismatches 0/400; count mismatches 0/49 -> OK
[--readExtension3 20 -s 2] -s 2 --readExtension3 20: summary total 622 vs 622 units; status/target mismatches 0/400; count mismatches 0/49 -> OK

== PE: 1036 records, 400 fragments/records
[default] -p: summary total 531 vs 531 units; status/target mismatches 0/400; count mismatches 0/49 -> OK
[-O] -p -O: summary total 531 vs 531 units; status/target mismatches 0/400; count mismatches 0/49 -> OK
[-s 1] -p -s 1: summary total 531 vs 531 units; status/target mismatches 26/400; count mismatches 8/49 -> MISMATCH
    status: r00010 expected [('Unassigned_NoFeatures', '')] got [('Unassigned_Read_Type', '')]
         {'name': 'r00010', 'flag': 16, 'chrom': 'chr1', 'pos': 18490, 'cigar': '57M', 'mapq': 60, 'tags': {}}
    status: r00016 expected [('Assigned', 'G035')] got [('Unassigned_Read_Type', '')]
         {'name': 'r00016', 'flag': 16, 'chrom': 'chr2', 'pos': 2695, 'cigar': '23M15S', 'mapq': 30, 'tags': {}}
    status: r00023 expected [('Assigned', 'G048')] got [('Unassigned_Read_Type', '')]
         {'name': 'r00023', 'flag': 16, 'chrom': 'chr2', 'pos': 10813, 'cigar': '23M481N26M', 'mapq': 60, 'tags': {}}
    status: r00030 expected [('Assigned', 'G043')] got [('Unassigned_Read_Type', '')]
         {'name': 'r00030', 'flag': 0, 'chrom': 'chr2', 'pos': 5761, 'cigar': '56M', 'mapq': 30, 'tags': {}}
    status: r00033 expected [('Unassigned_NoFeatures', '')] got [('Unassigned_Read_Type', '')]
         {'name': 'r00033', 'flag': 16, 'chrom': 'chr2', 'pos': 11932, 'cigar': '33M', 'mapq': 0, 'tags': {}}
    status: r00044 expected [('Assigned', 'G047')] got [('Unassigned_Read_Type', '')]
         {'name': 'r00044', 'flag': 1040, 'chrom': 'chr2', 'pos': 9787, 'cigar': '46M51N44M157N25M', 'mapq': 60, 'tags': {}}
    count: G035 expected 5.0 got 4.0
    count: G034 expected 5.0 got 3.0
    count: G042 expected 4.0 got 3.0
    count: G043 expected 8.0 got 6.0
    count: G047 expected 7.0 got 5.0
    count: G005 expected 2.0 got 1.0
[-s 2] -p -s 2: summary total 531 vs 531 units; status/target mismatches 26/400; count mismatches 5/49 -> MISMATCH
    status: r00010 expected [('Unassigned_NoFeatures', '')] got [('Unassigned_Read_Type', '')]
         {'name': 'r00010', 'flag': 16, 'chrom': 'chr1', 'pos': 18490, 'cigar': '57M', 'mapq': 60, 'tags': {}}
    status: r00016 expected [('Unassigned_NoFeatures', '')] got [('Unassigned_Read_Type', '')]
         {'name': 'r00016', 'flag': 16, 'chrom': 'chr2', 'pos': 2695, 'cigar': '23M15S', 'mapq': 30, 'tags': {}}
    status: r00023 expected [('Unassigned_NoFeatures', '')] got [('Unassigned_Read_Type', '')]
         {'name': 'r00023', 'flag': 16, 'chrom': 'chr2', 'pos': 10813, 'cigar': '23M481N26M', 'mapq': 60, 'tags': {}}
    status: r00030 expected [('Unassigned_NoFeatures', '')] got [('Unassigned_Read_Type', '')]
         {'name': 'r00030', 'flag': 0, 'chrom': 'chr2', 'pos': 5761, 'cigar': '56M', 'mapq': 30, 'tags': {}}
    status: r00033 expected [('Unassigned_NoFeatures', '')] got [('Unassigned_Read_Type', '')]
         {'name': 'r00033', 'flag': 16, 'chrom': 'chr2', 'pos': 11932, 'cigar': '33M', 'mapq': 0, 'tags': {}}
    status: r00044 expected [('Unassigned_NoFeatures', '')] got [('Unassigned_Read_Type', '')]
         {'name': 'r00044', 'flag': 1040, 'chrom': 'chr2', 'pos': 9787, 'cigar': '46M51N44M157N25M', 'mapq': 60, 'tags': {}}
    count: G014 expected 2.0 got 1.0
    count: G037 expected 1.0 got 0.0
    count: G047 expected 9.0 got 8.0
    count: G033 expected 4.0 got 3.0
    count: G048 expected 6.0 got 5.0
[-M] -p -M: summary total 531 vs 531 units; status/target mismatches 0/400; count mismatches 0/49 -> OK
[-M --fraction] -p -M --fraction: summary total 531 vs 531 units; status/target mismatches 0/400; count mismatches 0/49 -> OK
[--primary] -p --primary: summary total 531 vs 531 units; status/target mismatches 0/400; count mismatches 0/49 -> OK
[-M --primary] -p -M --primary: summary total 531 vs 531 units; status/target mismatches 0/400; count mismatches 0/49 -> OK
[-O --fraction] -p -O --fraction: summary total 531 vs 531 units; status/target mismatches 0/400; count mismatches 0/49 -> OK
[-M -O --fraction] -p -O -M --fraction: summary total 531 vs 531 units; status/target mismatches 0/400; count mismatches 0/49 -> OK
[-Q 10] -p -Q 10: summary total 531 vs 531 units; status/target mismatches 0/400; count mismatches 0/49 -> OK
[-Q 30 -s 2] -p -s 2 -Q 30: summary total 531 vs 531 units; status/target mismatches 26/400; count mismatches 4/49 -> MISMATCH
    status: r00010 expected [('Unassigned_NoFeatures', '')] got [('Unassigned_Read_Type', '')]
         {'name': 'r00010', 'flag': 16, 'chrom': 'chr1', 'pos': 18490, 'cigar': '57M', 'mapq': 60, 'tags': {}}
    status: r00016 expected [('Unassigned_NoFeatures', '')] got [('Unassigned_Read_Type', '')]
         {'name': 'r00016', 'flag': 16, 'chrom': 'chr2', 'pos': 2695, 'cigar': '23M15S', 'mapq': 30, 'tags': {}}
    status: r00023 expected [('Unassigned_NoFeatures', '')] got [('Unassigned_Read_Type', '')]
         {'name': 'r00023', 'flag': 16, 'chrom': 'chr2', 'pos': 10813, 'cigar': '23M481N26M', 'mapq': 60, 'tags': {}}
    status: r00030 expected [('Unassigned_NoFeatures', '')] got [('Unassigned_Read_Type', '')]
         {'name': 'r00030', 'flag': 0, 'chrom': 'chr2', 'pos': 5761, 'cigar': '56M', 'mapq': 30, 'tags': {}}
    status: r00033 expected [('Unassigned_MappingQuality', '')] got [('Unassigned_Read_Type', '')]
         {'name': 'r00033', 'flag': 16, 'chrom': 'chr2', 'pos': 11932, 'cigar': '33M', 'mapq': 0, 'tags': {}}
    status: r00044 expected [('Unassigned_NoFeatures', '')] got [('Unassigned_Read_Type', '')]
         {'name': 'r00044', 'flag': 1040, 'chrom': 'chr2', 'pos': 9787, 'cigar': '46M51N44M157N25M', 'mapq': 60, 'tags': {}}
    count: G037 expected 1.0 got 0.0
    count: G047 expected 7.0 got 6.0
    count: G033 expected 2.0 got 1.0
    count: G048 expected 5.0 got 4.0
[--ignoreDup] -p --ignoreDup: summary total 531 vs 531 units; status/target mismatches 0/400; count mismatches 0/49 -> OK
[--splitOnly] -p --splitOnly: summary total 531 vs 531 units; status/target mismatches 0/400; count mismatches 0/49 -> OK
[--nonSplitOnly] -p --nonSplitOnly: summary total 531 vs 531 units; status/target mismatches 0/400; count mismatches 0/49 -> OK
[--minOverlap 10] -p --minOverlap 10: summary total 531 vs 531 units; status/target mismatches 0/400; count mismatches 0/49 -> OK
[--fracOverlap 0.5] -p --fracOverlap 0.5: summary total 531 vs 531 units; status/target mismatches 0/400; count mismatches 0/49 -> OK
[--fracOverlap 1] -p --fracOverlap 1.0: summary total 531 vs 531 units; status/target mismatches 0/400; count mismatches 0/49 -> OK
[--largestOverlap] -p --largestOverlap: summary total 531 vs 531 units; status/target mismatches 0/400; count mismatches 0/49 -> OK
[-O --largestOverlap] -p -O --largestOverlap: summary total 531 vs 531 units; status/target mismatches 0/400; count mismatches 0/49 -> OK
[--nonOverlap 5] -p --nonOverlap 5: summary total 531 vs 531 units; status/target mismatches 0/400; count mismatches 0/49 -> OK
[--fracOverlapFeature 0.5] -p --fracOverlapFeature 0.5: summary total 531 vs 531 units; status/target mismatches 0/400; count mismatches 0/49 -> OK
[--nonOverlapFeature 20] -p --nonOverlapFeature 20: summary total 531 vs 531 units; status/target mismatches 0/400; count mismatches 0/49 -> OK
[--minOverlap 10 --largestOverlap -O --fraction] -p -O --fraction --largestOverlap --minOverlap 10: summary total 531 vs 531 units; status/target mismatches 0/400; count mismatches 33/49 -> MISMATCH
    count: G014 expected 1.5 got 0.83
    count: G019 expected 2.0 got 0.83
    count: G035 expected 16.0 got 10.0
    count: G029 expected 8.0 got 6.67
    count: G021 expected 7.0 got 6.0
    count: G018 expected 6.0 got 3.83
[-f] -p -f: summary total 531 vs 531 units; status/target mismatches 0/400; count mismatches 0/115 -> OK
[-f -O] -p -O -f: summary total 531 vs 531 units; status/target mismatches 0/400; count mismatches 0/115 -> OK
[-f -O --fraction --largestOverlap] -p -O --fraction --largestOverlap -f: summary total 531 vs 531 units; status/target mismatches 0/400; count mismatches 68/115 -> MISMATCH
    count: LINE_0000088 expected 3.0 got 1.83
    count: LINE_0000081 expected 3.0 got 1.17
    count: LINE_0000076 expected 3.0 got 2.25
    count: LINE_0000111 expected 2.0 got 1.5
    count: LINE_0000043 expected 3.0 got 1.53
    count: LINE_0000074 expected 5.0 got 4.25
[--read2pos 5] -p --read2pos 5: summary total 531 vs 531 units; status/target mismatches 0/400; count mismatches 0/49 -> OK
[--read2pos 3 -s 1] -p -s 1 --read2pos 3: summary total 531 vs 531 units; status/target mismatches 26/400; count mismatches 8/49 -> MISMATCH
    status: r00010 expected [('Unassigned_NoFeatures', '')] got [('Unassigned_Read_Type', '')]
         {'name': 'r00010', 'flag': 16, 'chrom': 'chr1', 'pos': 18490, 'cigar': '57M', 'mapq': 60, 'tags': {}}
    status: r00016 expected [('Assigned', 'G035')] got [('Unassigned_Read_Type', '')]
         {'name': 'r00016', 'flag': 16, 'chrom': 'chr2', 'pos': 2695, 'cigar': '23M15S', 'mapq': 30, 'tags': {}}
    status: r00023 expected [('Assigned', 'G048')] got [('Unassigned_Read_Type', '')]
         {'name': 'r00023', 'flag': 16, 'chrom': 'chr2', 'pos': 10813, 'cigar': '23M481N26M', 'mapq': 60, 'tags': {}}
    status: r00030 expected [('Assigned', 'G043')] got [('Unassigned_Read_Type', '')]
         {'name': 'r00030', 'flag': 0, 'chrom': 'chr2', 'pos': 5761, 'cigar': '56M', 'mapq': 30, 'tags': {}}
    status: r00033 expected [('Unassigned_NoFeatures', '')] got [('Unassigned_Read_Type', '')]
         {'name': 'r00033', 'flag': 16, 'chrom': 'chr2', 'pos': 11932, 'cigar': '33M', 'mapq': 0, 'tags': {}}
    status: r00044 expected [('Unassigned_NoFeatures', '')] got [('Unassigned_Read_Type', '')]
         {'name': 'r00044', 'flag': 1040, 'chrom': 'chr2', 'pos': 9787, 'cigar': '46M51N44M157N25M', 'mapq': 60, 'tags': {}}
    count: G035 expected 4.0 got 3.0
    count: G034 expected 3.0 got 2.0
    count: G042 expected 4.0 got 3.0
    count: G043 expected 6.0 got 5.0
    count: G047 expected 5.0 got 4.0
    count: G005 expected 2.0 got 1.0
[--readExtension5 20] -p --readExtension5 20: summary total 531 vs 531 units; status/target mismatches 0/400; count mismatches 0/49 -> OK
[--readExtension3 20 -s 2] -p -s 2 --readExtension3 20: summary total 531 vs 531 units; status/target mismatches 26/400; count mismatches 6/49 -> MISMATCH
    status: r00010 expected [('Unassigned_NoFeatures', '')] got [('Unassigned_Read_Type', '')]
         {'name': 'r00010', 'flag': 16, 'chrom': 'chr1', 'pos': 18490, 'cigar': '57M', 'mapq': 60, 'tags': {}}
    status: r00016 expected [('Unassigned_NoFeatures', '')] got [('Unassigned_Read_Type', '')]
         {'name': 'r00016', 'flag': 16, 'chrom': 'chr2', 'pos': 2695, 'cigar': '23M15S', 'mapq': 30, 'tags': {}}
    status: r00023 expected [('Unassigned_NoFeatures', '')] got [('Unassigned_Read_Type', '')]
         {'name': 'r00023', 'flag': 16, 'chrom': 'chr2', 'pos': 10813, 'cigar': '23M481N26M', 'mapq': 60, 'tags': {}}
    status: r00030 expected [('Unassigned_NoFeatures', '')] got [('Unassigned_Read_Type', '')]
         {'name': 'r00030', 'flag': 0, 'chrom': 'chr2', 'pos': 5761, 'cigar': '56M', 'mapq': 30, 'tags': {}}
    status: r00033 expected [('Unassigned_NoFeatures', '')] got [('Unassigned_Read_Type', '')]
         {'name': 'r00033', 'flag': 16, 'chrom': 'chr2', 'pos': 11932, 'cigar': '33M', 'mapq': 0, 'tags': {}}
    status: r00044 expected [('Unassigned_NoFeatures', '')] got [('Unassigned_Read_Type', '')]
         {'name': 'r00044', 'flag': 1040, 'chrom': 'chr2', 'pos': 9787, 'cigar': '46M51N44M157N25M', 'mapq': 60, 'tags': {}}
    count: G014 expected 2.0 got 1.0
    count: G037 expected 1.0 got 0.0
    count: G047 expected 9.0 got 8.0
    count: G006 expected 7.0 got 6.0
    count: G033 expected 4.0 got 3.0
    count: G048 expected 6.0 got 5.0
[-B] -p -B: summary total 531 vs 531 units; status/target mismatches 0/400; count mismatches 0/49 -> OK
[-C] -p -C: summary total 531 vs 531 units; status/target mismatches 0/400; count mismatches 0/49 -> OK
[-B -C -s 2] -p -B -C -s 2: summary total 531 vs 531 units; status/target mismatches 0/400; count mismatches 0/49 -> OK
[-P -B -d 50 -D 300] -p -B -P -d 50 -D 300: summary total 531 vs 531 units; status/target mismatches 0/400; count mismatches 0/49 -> OK
[-P -B -C -d 100 -D 250 -Q 10] -p -B -C -P -Q 10 -d 100 -D 250: summary total 531 vs 531 units; status/target mismatches 0/400; count mismatches 0/49 -> OK

Option sets with any disagreement: 9
   ('SE', '--minOverlap 10 --largestOverlap -O --fraction')
   ('SE', '-f -O --fraction --largestOverlap')
   ('PE', '-s 1')
   ('PE', '-s 2')
   ('PE', '-Q 30 -s 2')
   ('PE', '--minOverlap 10 --largestOverlap -O --fraction')
   ('PE', '-f -O --fraction --largestOverlap')
   ('PE', '--read2pos 3 -s 1')
   ('PE', '--readExtension3 20 -s 2')
