bcftools: bcftools 1.24 / Using htslib 1.24

call -m: 12 input sites, 12 output records
     401 ref-only: QUAL bcftools 690.795 port 690.795 ok  GT ./.,0/0,0/0,0/0,0/0,0/0
     601 ALT=A    QUAL  441.398/ 441.398 ok | GT 1/1,0/1,0/1,0/1,0/1,0/1/1/1,0/1,0/1,0/1,0/1,0/1 ok | GQ [3, 21, 42, 77, 122, 127]/[3, 21, 42, 77, 122, 127] ok | AC [7]/[7] ok AN 12/12 ok
     801 ALT=A,G  QUAL  554.333/ 554.333 ok | GT 1/1,0/2,1/1,0/2,1/1,././1/1,0/2,1/1,0/2,1/1,./. ok | GQ [6, 36, 22, 120, 88, 0]/[6, 36, 22, 120, 88, 0] ok | AC [6, 2]/[6, 2] ok AN 10/10 ok
    1001 ref-only: QUAL bcftools 884.797 port 884.797 ok  GT 0/0,0/0,0/0,0/0,./.,0/0
    1201 ALT=A    QUAL  405.449/ 405.449 ok | GT 0/1,0/1,0/1,./.,1/1,0/1/0/1,0/1,0/1,./.,1/1,0/1 ok | GQ [77, 123, 127, 0, 3, 21]/[77, 123, 127, 0, 3, 21] ok | AC [6]/[6] ok AN 10/10 ok
    1401 ALT=C,G  QUAL  431.785/ 431.785 ok | GT 0/2,1/1,./.,1/1,0/2,1/1/0/2,1/1,./.,1/1,0/2,1/1 ok | GQ [120, 88, 0, 3, 14, 11]/[120, 88, 0, 3, 14, 11] ok | AC [6, 2]/[6, 2] ok AN 10/10 ok
    1601 ref-only: QUAL bcftools 690.795 port 690.795 ok  GT 0/0,./.,0/0,0/0,0/0,0/0
    1801 ALT=A    QUAL  236.449/ 236.449 ok | GT ./.,1/1,0/1,0/1,0/1,0/1/./.,1/1,0/1,0/1,0/1,0/1 ok | GQ [0, 3, 21, 42, 77, 123]/[0, 3, 21, 42, 77, 123] ok | AC [6]/[6] ok AN 10/10 ok
    2001 ALT=A,G  QUAL  585.852/ 585.852 ok | GT 1/1,0/2,1/1,0/2,1/1,0/2/1/1,0/2,1/1,0/2,1/1,0/2 ok | GQ [2, 15, 9, 75, 41, 127]/[2, 15, 9, 75, 41, 127] ok | AC [6, 3]/[6, 3] ok AN 12/12 ok
    2201 ref-only: QUAL bcftools 915.798 port 915.798 ok  GT 0/0,0/0,0/0,0/0,0/0,./.
    2401 ALT=C    QUAL  425.417/ 425.417 ok | GT 0/1,0/1,0/1,0/1,./.,1/1/0/1,0/1,0/1,0/1,./.,1/1 ok | GQ [42, 77, 123, 127, 0, 3]/[42, 77, 123, 127, 0, 3] ok | AC [6]/[6] ok AN 10/10 ok
    2601 ALT=C,G  QUAL  530.206/ 530.206 ok | GT 0/2,1/1,0/2,./.,1/2,1/1/0/2,1/1,0/2,./.,1/2,1/1 ok | GQ [78, 40, 127, 0, 2, 3]/[78, 40, 127, 0, 2, 3] ok | AC [5, 3]/[5, 3] ok AN 10/10 ok

call -mv: 12 input sites, 8 output records
     401 port: ref-only  bcftools: absent  ok
     601 ALT=A    QUAL  441.398/ 441.398 ok | GT 1/1,0/1,0/1,0/1,0/1,0/1/1/1,0/1,0/1,0/1,0/1,0/1 ok | GQ [3, 21, 42, 77, 122, 127]/[3, 21, 42, 77, 122, 127] ok | AC [7]/[7] ok AN 12/12 ok
     801 ALT=A,G  QUAL  554.333/ 554.333 ok | GT 1/1,0/2,1/1,0/2,1/1,././1/1,0/2,1/1,0/2,1/1,./. ok | GQ [6, 36, 22, 120, 88, 0]/[6, 36, 22, 120, 88, 0] ok | AC [6, 2]/[6, 2] ok AN 10/10 ok
    1001 port: ref-only  bcftools: absent  ok
    1201 ALT=A    QUAL  405.449/ 405.449 ok | GT 0/1,0/1,0/1,./.,1/1,0/1/0/1,0/1,0/1,./.,1/1,0/1 ok | GQ [77, 123, 127, 0, 3, 21]/[77, 123, 127, 0, 3, 21] ok | AC [6]/[6] ok AN 10/10 ok
    1401 ALT=C,G  QUAL  431.785/ 431.785 ok | GT 0/2,1/1,./.,1/1,0/2,1/1/0/2,1/1,./.,1/1,0/2,1/1 ok | GQ [120, 88, 0, 3, 14, 11]/[120, 88, 0, 3, 14, 11] ok | AC [6, 2]/[6, 2] ok AN 10/10 ok
    1601 port: ref-only  bcftools: absent  ok
    1801 ALT=A    QUAL  236.449/ 236.449 ok | GT ./.,1/1,0/1,0/1,0/1,0/1/./.,1/1,0/1,0/1,0/1,0/1 ok | GQ [0, 3, 21, 42, 77, 123]/[0, 3, 21, 42, 77, 123] ok | AC [6]/[6] ok AN 10/10 ok
    2001 ALT=A,G  QUAL  585.852/ 585.852 ok | GT 1/1,0/2,1/1,0/2,1/1,0/2/1/1,0/2,1/1,0/2,1/1,0/2 ok | GQ [2, 15, 9, 75, 41, 127]/[2, 15, 9, 75, 41, 127] ok | AC [6, 3]/[6, 3] ok AN 12/12 ok
    2201 port: ref-only  bcftools: absent  ok
    2401 ALT=C    QUAL  425.417/ 425.417 ok | GT 0/1,0/1,0/1,0/1,./.,1/1/0/1,0/1,0/1,0/1,./.,1/1 ok | GQ [42, 77, 123, 127, 0, 3]/[42, 77, 123, 127, 0, 3] ok | AC [6]/[6] ok AN 10/10 ok
    2601 ALT=C,G  QUAL  530.206/ 530.206 ok | GT 0/2,1/1,0/2,./.,1/2,1/1/0/2,1/1,0/2,./.,1/2,1/1 ok | GQ [78, 40, 127, 0, 2, 3]/[78, 40, 127, 0, 2, 3] ok | AC [5, 3]/[5, 3] ok AN 10/10 ok

call -m -P 0.1: 12 input sites, 12 output records
     401 ref-only: QUAL bcftools 671.209 port 671.209 ok  GT ./.,0/0,0/0,0/0,0/0,0/0
     601 ALT=A    QUAL  460.985/ 460.985 ok | GT 1/1,0/1,0/1,0/1,0/1,0/1/1/1,0/1,0/1,0/1,0/1,0/1 ok | GQ [3, 21, 42, 77, 122, 127]/[3, 21, 42, 77, 122, 127] ok | AC [7]/[7] ok AN 12/12 ok
     801 ALT=A,G  QUAL  593.506/ 593.506 ok | GT 1/1,0/2,1/1,0/2,1/1,././1/1,0/2,1/1,0/2,1/1,./. ok | GQ [6, 36, 22, 120, 88, 0]/[6, 36, 22, 120, 88, 0] ok | AC [6, 2]/[6, 2] ok AN 10/10 ok
    1001 ref-only: QUAL bcftools 865.211 port 865.211 ok  GT 0/0,0/0,0/0,0/0,./.,0/0
    1201 ALT=A    QUAL  425.035/ 425.035 ok | GT 0/1,0/1,0/1,./.,1/1,0/1/0/1,0/1,0/1,./.,1/1,0/1 ok | GQ [77, 123, 127, 0, 3, 21]/[77, 123, 127, 0, 3, 21] ok | AC [6]/[6] ok AN 10/10 ok
    1401 ALT=C,G  QUAL  470.958/ 470.958 ok | GT 0/2,1/1,./.,1/1,0/2,1/1/0/2,1/1,./.,1/1,0/2,1/1 ok | GQ [120, 88, 0, 3, 14, 11]/[120, 88, 0, 3, 14, 11] ok | AC [6, 2]/[6, 2] ok AN 10/10 ok
    1601 ref-only: QUAL bcftools 671.209 port 671.209 ok  GT 0/0,./.,0/0,0/0,0/0,0/0
    1801 ALT=A    QUAL  256.035/ 256.035 ok | GT ./.,1/1,0/1,0/1,0/1,0/1/./.,1/1,0/1,0/1,0/1,0/1 ok | GQ [0, 3, 21, 42, 77, 123]/[0, 3, 21, 42, 77, 123] ok | AC [6]/[6] ok AN 10/10 ok
    2001 ALT=A,G  QUAL  625.025/ 625.025 ok | GT 1/1,0/2,1/1,0/2,1/1,0/2/1/1,0/2,1/1,0/2,1/1,0/2 ok | GQ [2, 15, 9, 75, 41, 127]/[2, 15, 9, 75, 41, 127] ok | AC [6, 3]/[6, 3] ok AN 12/12 ok
    2201 ref-only: QUAL bcftools 896.211 port 896.211 ok  GT 0/0,0/0,0/0,0/0,0/0,./.
    2401 ALT=C    QUAL  445.003/ 445.003 ok | GT 0/1,0/1,0/1,0/1,./.,1/1/0/1,0/1,0/1,0/1,./.,1/1 ok | GQ [42, 77, 123, 127, 0, 3]/[42, 77, 123, 127, 0, 3] ok | AC [6]/[6] ok AN 10/10 ok
    2601 ALT=C,G  QUAL  569.378/ 569.378 ok | GT 0/2,1/1,0/2,./.,1/2,1/1/0/2,1/1,0/2,./.,1/2,1/1 ok | GQ [78, 40, 127, 0, 2, 3]/[78, 40, 127, 0, 2, 3] ok | AC [5, 3]/[5, 3] ok AN 10/10 ok

call -m -P 1e-6: 12 input sites, 12 output records
     401 ref-only: QUAL bcftools 721.209 port 721.209 ok  GT ./.,0/0,0/0,0/0,0/0,0/0
     601 ALT=A    QUAL  410.984/ 410.984 ok | GT 1/1,0/1,0/1,0/1,0/1,0/1/1/1,0/1,0/1,0/1,0/1,0/1 ok | GQ [3, 21, 42, 77, 122, 127]/[3, 21, 42, 77, 122, 127] ok | AC [7]/[7] ok AN 12/12 ok
     801 ALT=A,G  QUAL  493.505/ 493.505 ok | GT 1/1,0/2,1/1,0/2,1/1,././1/1,0/2,1/1,0/2,1/1,./. ok | GQ [6, 36, 22, 120, 88, 0]/[6, 36, 22, 120, 88, 0] ok | AC [6, 2]/[6, 2] ok AN 10/10 ok
    1001 ref-only: QUAL bcftools 915.212 port 915.212 ok  GT 0/0,0/0,0/0,0/0,./.,0/0
    1201 ALT=A    QUAL  375.034/ 375.034 ok | GT 0/1,0/1,0/1,./.,1/1,0/1/0/1,0/1,0/1,./.,1/1,0/1 ok | GQ [77, 123, 127, 0, 3, 21]/[77, 123, 127, 0, 3, 21] ok | AC [6]/[6] ok AN 10/10 ok
    1401 ALT=C,G  QUAL  370.956/ 370.956 ok | GT 0/2,1/1,./.,1/1,0/2,1/1/0/2,1/1,./.,1/1,0/2,1/1 ok | GQ [120, 88, 0, 3, 14, 11]/[120, 88, 0, 3, 14, 11] ok | AC [6, 2]/[6, 2] ok AN 10/10 ok
    1601 ref-only: QUAL bcftools 721.209 port 721.209 ok  GT 0/0,./.,0/0,0/0,0/0,0/0
    1801 ALT=A    QUAL  206.034/ 206.034 ok | GT ./.,1/1,0/1,0/1,0/1,0/1/./.,1/1,0/1,0/1,0/1,0/1 ok | GQ [0, 3, 21, 42, 77, 123]/[0, 3, 21, 42, 77, 123] ok | AC [6]/[6] ok AN 10/10 ok
    2001 ALT=A,G  QUAL  525.024/ 525.024 ok | GT 1/1,0/2,1/1,0/2,1/1,0/2/1/1,0/2,1/1,0/2,1/1,0/2 ok | GQ [2, 15, 9, 75, 41, 127]/[2, 15, 9, 75, 41, 127] ok | AC [6, 3]/[6, 3] ok AN 12/12 ok
    2201 ref-only: QUAL bcftools 946.212 port 946.212 ok  GT 0/0,0/0,0/0,0/0,0/0,./.
    2401 ALT=C    QUAL  395.002/ 395.002 ok | GT 0/1,0/1,0/1,0/1,./.,1/1/0/1,0/1,0/1,0/1,./.,1/1 ok | GQ [42, 77, 123, 127, 0, 3]/[42, 77, 123, 127, 0, 3] ok | AC [6]/[6] ok AN 10/10 ok
    2601 ALT=C,G  QUAL  469.377/ 469.377 ok | GT 0/2,1/1,0/2,./.,1/2,1/1/0/2,1/1,0/2,./.,1/2,1/1 ok | GQ [78, 40, 127, 0, 2, 3]/[78, 40, 127, 0, 2, 3] ok | AC [5, 3]/[5, 3] ok AN 10/10 ok

call -mv --ploidy 1: 12 input sites, 4 output records
     401 port: ref-only  bcftools: absent  ok
     601 port: ref-only  bcftools: absent  ok
     801 ALT=A    QUAL  438.568/ 438.568 ok | GT 1,0,1,0,1,./1,0,1,0,1,. ok | GQ [55, 48, 127, 127, 127, 0]/[55, 48, 127, 127, 127, 0] ok | AC [3]/[3] ok AN 5/5 ok
    1001 port: ref-only  bcftools: absent  ok
    1201 port: ref-only  bcftools: absent  ok
    1401 ALT=C    QUAL  334.598/ 334.598 ok | GT 0,1,.,1,0,1/0,1,.,1,0,1 ok | GQ [127, 127, 0, 29, 22, 100]/[127, 127, 0, 29, 22, 100] ok | AC [3]/[3] ok AN 5/5 ok
    1601 port: ref-only  bcftools: absent  ok
    1801 port: ref-only  bcftools: absent  ok
    2001 ALT=A    QUAL  330.745/ 330.745 ok | GT 1,0,1,0,1,0/1,0,1,0,1,0 ok | GQ [27, 24, 98, 95, 127, 44]/[27, 24, 98, 95, 127, 44] ok | AC [3]/[3] ok AN 6/6 ok
    2201 port: ref-only  bcftools: absent  ok
    2401 port: ref-only  bcftools: absent  ok
    2601 ALT=C    QUAL  267.323/ 267.323 ok | GT 0,1,0,.,1,1/0,1,0,.,1,1 ok | GQ [95, 127, 44, 0, 4, 53]/[95, 127, 44, 0, 4, 53] ok | AC [3]/[3] ok AN 5/5 ok

mismatches: 0
