bcftools: bcftools 1.24 / Using htslib 1.24

SN
   number of records                            bcftools 15                         truth 15                         ok
   number of no-ALTs                            bcftools 1                          truth 1                          ok
   number of SNPs                               bcftools 11                         truth 11                         ok
   number of MNPs                               bcftools 1                          truth 1                          ok
   number of indels                             bcftools 2                          truth 2                          ok
   number of others                             bcftools 0                          truth 0                          ok
   number of multiallelic sites                 bcftools 1                          truth 1                          ok
   number of multiallelic SNP sites             bcftools 1                          truth 1                          ok

TSTV (all ALT alleles; then 1st ALT only)
   ts, tv, ts/tv                                bcftools (5, 7, '0.71')             truth (5, 7, '0.71')             ok
   ts, tv, ts/tv (1st ALT)                      bcftools (5, 6, '0.83')             truth (5, 6, '0.83')             ok

SiS (AC=1)
   SNPs, ts, tv, indels                         bcftools (2, 2, 0, 1)               truth (2, 2, 0, 1)               ok

AF rows: bcftools label vs the true AF of the alleles in it (default binning: label = int(AF*99)/100, vcfstats.c:665/696/1486)
   AF label 0.00  (true AF 0,singleton)         bcftools [2, 2, 0, 1]               truth [2, 2, 0, 1]               ok
   AF label 0.24  (true AF 0.25)                bcftools [1, 0, 1, 0]               truth [1, 0, 1, 0]               ok
   AF label 0.33  (true AF 0.3333)              bcftools [2, 1, 1, 0]               truth [2, 1, 1, 0]               ok
   AF label 0.37  (true AF 0.375)               bcftools [1, 0, 1, 1]               truth [1, 0, 1, 1]               ok
   AF label 0.49  (true AF 0.5)                 bcftools [2, 1, 1, 0]               truth [2, 1, 1, 0]               ok
   AF label 0.61  (true AF 0.625)               bcftools [1, 1, 0, 0]               truth [1, 1, 0, 0]               ok
   AF label 0.74  (true AF 0.75)                bcftools [1, 0, 1, 0]               truth [1, 0, 1, 0]               ok
   AF label 0.86  (true AF 0.875)               bcftools [1, 0, 1, 0]               truth [1, 0, 1, 0]               ok
   AF label 0.99  (true AF 1)                   bcftools [1, 0, 1, 0]               truth [1, 0, 1, 0]               ok
   AF labels: 0.5 -> 0.49, 0.25 -> 0.24, 1.0 -> 0.99: the label is the bin's lower edge on a 99-step grid printed on a 100-step grid
   with --af-bins 0,0.25,0.5,0.75,1 (labels are bin midpoints):
      AF	0	0.125000	2	2	0	1	0	0	1
      AF	0	0.375000	4	1	3	1	0	0	1
      AF	0	0.625000	3	2	1	0	0	0	0
      AF	0	0.875000	3	0	3	0	0	0	0

QUAL rows (bin = 0.1 * int(QUAL*10)): SNPs, ts, tv, indels
   QUAL	0	10.0	0	0	0	1
   QUAL	0	12.3	1	1	0	0
   QUAL	0	20.0	1	1	0	0
   QUAL	0	30.5	1	0	1	0
   QUAL	0	40.0	0	0	0	1
   QUAL	0	45.0	1	0	1	0
   QUAL	0	50.0	1	1	0	0
   QUAL	0	55.0	1	0	1	0
   QUAL	0	65.0	1	0	1	0
   QUAL	0	70.0	1	0	1	0
   QUAL	0	80.0	1	1	0	0
   QUAL	0	90.0	1	0	1	0
   QUAL	0	99.0	1	1	0	0

DP distribution: genotypes (FORMAT/DP > 0) and sites (INFO/DP)
   DP bin 1                                     bcftools (12, 0)                    truth (12, 0)                    ok
   DP bin 2                                     bcftools (4, 0)                     truth (4, 0)                     ok
   DP bin 3                                     bcftools (4, 0)                     truth (4, 0)                     ok
   DP bin 4                                     bcftools (4, 3)                     truth (4, 3)                     ok
   DP bin 5                                     bcftools (4, 0)                     truth (4, 0)                     ok
   DP bin 6                                     bcftools (2, 0)                     truth (2, 0)                     ok
   DP bin 7                                     bcftools (4, 0)                     truth (4, 0)                     ok
   DP bin 8                                     bcftools (4, 1)                     truth (4, 1)                     ok
   DP bin 9                                     bcftools (4, 0)                     truth (4, 0)                     ok
   DP bin 10                                    bcftools (1, 0)                     truth (1, 0)                     ok
   DP bin 11                                    bcftools (4, 0)                     truth (4, 0)                     ok
   DP bin 12                                    bcftools (4, 2)                     truth (4, 2)                     ok
   DP bin 15                                    bcftools (2, 0)                     truth (2, 0)                     ok
   DP bin 16                                    bcftools (0, 1)                     truth (0, 1)                     ok
   DP bin 20                                    bcftools (1, 1)                     truth (1, 1)                     ok
   DP bin 28                                    bcftools (0, 1)                     truth (0, 1)                     ok
   DP bin 30                                    bcftools (1, 1)                     truth (1, 1)                     ok
   DP bin 32                                    bcftools (0, 1)                     truth (0, 1)                     ok
   DP bin 36                                    bcftools (0, 1)                     truth (0, 1)                     ok
   DP bin 40                                    bcftools (1, 0)                     truth (1, 0)                     ok
   DP bin 44                                    bcftools (0, 1)                     truth (0, 1)                     ok
   DP bin 48                                    bcftools (0, 1)                     truth (0, 1)                     ok
   DP bin 100                                   bcftools (0, 1)                     truth (0, 1)                     ok

PSC per sample
   A RefHom,NonRefHom,Hets,Ts,Tv,Indels,avgDP,Sngl,HapR,HapA,Miss bcftools [2, 2, 7, 4, 6, 1, '5.7', 3, 1, 0, 1] truth [2, 2, 7, 4, 6, 1, '5.7', 3, 1, 0, 1] ok
   B RefHom,NonRefHom,Hets,Ts,Tv,Indels,avgDP,Sngl,HapR,HapA,Miss bcftools [5, 2, 5, 3, 4, 1, '6.5', 0, 0, 1, 1] truth [5, 2, 5, 3, 4, 1, '6.5', 0, 0, 1, 1] ok
   C RefHom,NonRefHom,Hets,Ts,Tv,Indels,avgDP,Sngl,HapR,HapA,Miss bcftools [6, 4, 4, 3, 5, 0, '7.7', 1, 0, 1, 0] truth [6, 4, 4, 3, 5, 0, '7.7', 1, 0, 1, 0] ok
   D RefHom,NonRefHom,Hets,Ts,Tv,Indels,avgDP,Sngl,HapR,HapA,Miss bcftools [7, 3, 2, 2, 3, 1, '8.3', 1, 1, 0, 1] truth [7, 3, 2, 2, 3, 1, '8.3', 1, 1, 0, 1] ok
   (haploid genotypes are not counted in nTs/nTv, and a sample's hom-alt or MNP genotype counts as a singleton when it is the only non-ref genotype: vcfstats.c:1012-1023,1159)

mismatches: 0
