cohort: 720
full text: 0   survey-cache fallback: 720   ({'offline': 720})

FEATURES (papers; lower bounds where source=survey_cache):
  DESeq2 / edgeR / limma upstream                  314
  single-cell context                              249
  KEGG / Reactome / GO collections                 146
  Hallmark collection                              96
  fgsea used                                       90
  clusterProfiler (gseGO/gseKEGG/GSEA())           85
  default parameters stated                        80
  MSigDB named                                     79
  GSEA desktop / javaGSEA / Broad named            55
  WebGestalt / Enrichr / other web tool            51
  ssGSEA / GSVA                                    51
  GSEAPreranked / pre-ranked                       41
  FDR threshold stated                             28
  ranked by log fold change                        28
  GSEA version stated                              23
  NES reported                                     18
  number of permutations stated                    12
  ranked by t / Wald / signed p statistic          8
  GSEApy                                           7
  weighted / classic scoring stated                6
  nominal p reported                               5
  gene-set permutation                             4
  collapse / chip platform                         4
  Signal2Noise / signal-to-noise metric            3
  gene set size limits stated                      2
  leading edge                                     2

VERSION FAMILY: {'4.3': 10, '4.1': 8, '4.0': 7, '4.2': 4, '3.0': 2, '3.1': 1}
VERSIONS (top 20): {'4.1.0': 8, '4.3.2': 7, '4.0.3': 7, '4.3.3': 3, '4.2.3': 3, '3.0': 2, '2.2.3': 2, '3.1': 1, '4.2.1': 1, '2.0': 1}

permutations stated: {'1,000': 3, '2000': 1, '10,000': 1}
FDR cutoffs: {'0.05': 23, '0.1': 1, '0.2': 1, '0.001': 1, '0.01': 1}
padj cutoffs: {'0.05': 35, '0.1': 3, '0.001': 2, '0.01': 2, '0.2': 1}
set size limits: {'15': 1, '500': 1, '10': 1}
MSigDB versions: {7: 11, 10: 1, 2023: 1, 1: 1, 25: 1, 6: 1}

CO-PACKAGES (top 40):
  R                        271
  UMAP                     255
  DESeq2                   236
  Seurat                   193
  ImageJ                   176
  STAR                     118
  MACS2                    109
  edgeR                    90
  fgsea                    89
  clusterProfiler          84
  SAMtools                 83
  ggplot2                  81
  limma                    80
  FastQC                   75
  featureCounts            72
  Bowtie2                  71
  Bioconductor             61
  Python                   53
  Picard                   53
  Cutadapt                 50
  Scanpy                   49
  QuPath                   45
  RSEM                     43
  ComplexHeatmap           42
  HOMER                    41
  scDblFinder              40
  GSVA                     39
  BWA                      38
  Trim Galore              37
  HTSeq                    37
  BEDTools                 37
  GATK                     36
  deepTools                34
  pheatmap                 34
  Trimmomatic              33
  HISAT2                   30
  Cytoscape                26
  scikit-learn             25
  CellChat                 25
  Enrichr                  25
