scDblFinder 1.16.0 
   3218 cells, 218 doublets (6.8 %), 176 heterotypic, clusters given as the true cell types (homotypic doublets carry their type's label)
   installed createDoublets: called 176 (5.5 %); recall 0.807; FDR 0.000; AUC 1.0000; threshold 0.236
   installed createDoublets: mostLikelyOrigin correct for 24.4 % of the 176 heterotypic doublets (24.4 % of the called ones); originAmbiguous on 2.8 %
   installed createDoublets: stats table (expected / observed / truth) for the 10 combinations: sum|observed - truth| = 0
  combination expected observed truth difficulty
1         1+2 17.34780        0     0         NA
2         1+3 12.60208        0     0         NA
3         2+3 10.99680        0     0         NA
4         1+4  9.31198        0     0         NA
5         2+4  8.12580        0     0         NA
6         3+4  5.90288        0     0         NA
Warning messages:
1: In check.deprecation(deprecated_cv_params, match.call(), ...) :
  Passed invalid function arguments: max_depth, eval_metric, tree_method, subsample, nthread, eta. These should be passed as a list to argument 'params'. Conversion from argument to 'params' entry will be done automatically, but this behavior will become an error in a future version.
2: In throw_err_or_depr_msg("Parameter(s) have been removed from this function: ",  :
  Parameter(s) have been removed from this function: label. This warning will become an error in a future version.
3: In check.deprecation(deprecated_cv_params, match.call(), ...) :
  Passed invalid function arguments: max_depth, eval_metric, tree_method, subsample, nthread, eta. These should be passed as a list to argument 'params'. Conversion from argument to 'params' entry will be done automatically, but this behavior will become an error in a future version.
4: In throw_err_or_depr_msg("Parameter(s) have been removed from this function: ",  :
  Parameter(s) have been removed from this function: label. This warning will become an error in a future version.
5: In check.deprecation(deprecated_cv_params, match.call(), ...) :
  Passed invalid function arguments: max_depth, eval_metric, tree_method, subsample, nthread, eta. These should be passed as a list to argument 'params'. Conversion from argument to 'params' entry will be done automatically, but this behavior will become an error in a future version.
6: In throw_err_or_depr_msg("Parameter(s) have been removed from this function: ",  :
  Parameter(s) have been removed from this function: label. This warning will become an error in a future version.
   corrected createDoublets: called 176 (5.5 %); recall 0.807; FDR 0.000; AUC 1.0000; threshold 0.236
   corrected createDoublets: mostLikelyOrigin correct for 100.0 % of the 176 heterotypic doublets (100.0 % of the called ones); originAmbiguous on 0.0 %
   corrected createDoublets: stats table (expected / observed / truth) for the 10 combinations: sum|observed - truth| = 0
  combination expected observed truth difficulty
1         1+2 17.34780        0     0         NA
2         1+3 12.60208        0     0         NA
3         2+3 10.99680        0     0         NA
4         1+4  9.31198        0     0         NA
5         2+4  8.12580        0     0         NA
6         3+4  5.90288        0     0         NA
Warning messages:
1: In check.deprecation(deprecated_cv_params, match.call(), ...) :
  Passed invalid function arguments: max_depth, eval_metric, tree_method, subsample, nthread, eta. These should be passed as a list to argument 'params'. Conversion from argument to 'params' entry will be done automatically, but this behavior will become an error in a future version.
2: In throw_err_or_depr_msg("Parameter(s) have been removed from this function: ",  :
  Parameter(s) have been removed from this function: label. This warning will become an error in a future version.
3: In check.deprecation(deprecated_cv_params, match.call(), ...) :
  Passed invalid function arguments: max_depth, eval_metric, tree_method, subsample, nthread, eta. These should be passed as a list to argument 'params'. Conversion from argument to 'params' entry will be done automatically, but this behavior will become an error in a future version.
4: In throw_err_or_depr_msg("Parameter(s) have been removed from this function: ",  :
  Parameter(s) have been removed from this function: label. This warning will become an error in a future version.
5: In check.deprecation(deprecated_cv_params, match.call(), ...) :
  Passed invalid function arguments: max_depth, eval_metric, tree_method, subsample, nthread, eta. These should be passed as a list to argument 'params'. Conversion from argument to 'params' entry will be done automatically, but this behavior will become an error in a future version.
6: In throw_err_or_depr_msg("Parameter(s) have been removed from this function: ",  :
  Parameter(s) have been removed from this function: label. This warning will become an error in a future version.
FAIL installed: mostLikelyOrigin of the heterotypic doublets is right at least 90 % of the time (24.4 %) 
ok   corrected: mostLikelyOrigin of the heterotypic doublets is right at least 90 % of the time (100.0 %) 
   calls that differ between the two runs: 0 of 3218 cells; score correlation 0.9988
