### venv-main (3.11.2 + main@44f2e00 overlay)
matplotlib 3.11.2 numpy 2.5.3
ncolors=16, nbins=12
  observed: [0, 1, 2, 4, 5, 6, 8, 9, 10, 12, 13, 14]
  expected: [0, 1, 2, 4, 5, 6, 8, 9, 10, 12, 13, 15]
  top bin drawn as RGBA [0.8249, 0.8847, 0.1062, 1.0] expected [0.9932, 0.9062, 0.1439, 1.0]
ncolors=256, nbins=26
  observed: [0, 10, 20, 30, 40, 51, 61, 71, 81, 91, 102, 112, 122, 132, 142, 153, 163, 173, 183, 193, 204, 214, 224, 234, 244, 254]
  expected: [0, 10, 20, 30, 40, 51, 61, 71, 81, 91, 102, 112, 122, 132, 142, 153, 163, 173, 183, 193, 204, 214, 224, 234, 244, 255]
  top bin drawn as RGBA [0.9839, 0.9049, 0.1369, 1.0] expected [0.9932, 0.9062, 0.1439, 1.0]

### venv-rel (3.11.2 release)
matplotlib 3.11.2 numpy 2.5.3
ncolors=16, nbins=12
  observed: [0, 1, 2, 4, 5, 6, 8, 9, 10, 12, 13, 14]
  expected: [0, 1, 2, 4, 5, 6, 8, 9, 10, 12, 13, 15]
  top bin drawn as RGBA [0.8249, 0.8847, 0.1062, 1.0] expected [0.9932, 0.9062, 0.1439, 1.0]
ncolors=256, nbins=26
  observed: [0, 10, 20, 30, 40, 51, 61, 71, 81, 91, 102, 112, 122, 132, 142, 153, 163, 173, 183, 193, 204, 214, 224, 234, 244, 254]
  expected: [0, 10, 20, 30, 40, 51, 61, 71, 81, 91, 102, 112, 122, 132, 142, 153, 163, 173, 183, 193, 204, 214, 224, 234, 244, 255]
  top bin drawn as RGBA [0.9839, 0.9049, 0.1369, 1.0] expected [0.9932, 0.9062, 0.1439, 1.0]
