06:45 DPABI BATCH RESTART (alignment options added; all subjects redone)
06:51 sub-10159 OK
06:56 sub-10217 OK
07:02 sub-10235 OK
07:07 sub-10290 OK
07:12 sub-10292 OK
07:18 sub-10304 OK
07:23 sub-10321 OK
07:28 sub-10325 OK
07:34 sub-10329 OK
07:39 sub-10339 EXCLUDE
07:45 sub-10340 OK
07:51 sub-10356 OK
07:56 sub-10365 OK
08:02 sub-10376 OK
08:07 sub-10388 OK
08:12 sub-10429 OK
08:17 sub-10440 OK
08:23 sub-10487 OK
08:31 sub-10492 OK
08:36 sub-10517 OK
08:42 sub-10525 OK
08:47 sub-10527 OK
08:52 sub-10530 OK
08:58 sub-10557 OK
09:04 sub-10570 OK
09:09 sub-10575 OK
09:15 sub-10624 OK
09:20 sub-10629 OK
09:25 sub-10631 OK
09:30 sub-10638 OK
09:35 sub-10668 OK
09:41 sub-10672 OK
09:46 sub-10678 OK
09:51 sub-10680 OK
09:56 sub-10696 OK
10:02 sub-10708 OK
10:07 sub-10724 OK
10:13 sub-10762 OK
10:18 sub-10779 OK
10:23 sub-10785 OK
10:31 sub-10877 OK
10:36 sub-10882 OK
10:42 sub-10912 OK
10:47 sub-10934 EXCLUDE
10:52 sub-10940 OK
10:58 sub-10949 OK
11:03 sub-10968 OK
11:03 FAILED sub-10971
11:10 sub-10975 OK
11:15 sub-10977 OK
11:20 sub-11019 OK
11:26 sub-11050 OK
11:32 sub-11059 OK
11:37 sub-11066 OK
11:43 sub-11077 OK
11:48 sub-11088 OK
11:53 sub-11097 OK
11:59 sub-11098 OK
12:04 sub-11104 OK
12:09 sub-11105 OK
12:15 sub-11112 OK
12:20 sub-11131 OK
12:25 sub-11143 OK
12:31 sub-50004 OK
12:36 sub-50005 OK
12:42 sub-50006 OK
12:48 sub-50007 OK
12:53 sub-50008 EXCLUDE
12:59 sub-50010 OK
13:04 sub-50013 OK
13:10 sub-50014 OK
13:16 sub-50015 OK
13:21 sub-50016 OK
13:27 sub-50020 EXCLUDE
13:32 sub-50021 OK
13:38 sub-50022 EXCLUDE
13:44 sub-50023 OK
13:49 sub-50025 OK
13:55 sub-50027 OK
14:01 sub-50029 OK
14:06 sub-50032 OK
14:11 sub-50033 OK
14:17 sub-50034 OK
14:23 sub-50035 OK
14:28 sub-50036 OK
14:34 sub-50038 OK
14:39 sub-50043 OK
14:45 sub-50047 OK
14:54 sub-50048 OK
15:00 sub-50049 OK
15:06 sub-50050 OK
15:12 sub-50051 OK
15:17 sub-50052 OK
15:24 sub-50053 OK
15:33 sub-50054 OK
15:39 sub-50055 OK
15:44 sub-50056 OK
15:50 sub-50058 OK
15:56 sub-50059 OK
16:02 sub-50060 OK
16:07 sub-50061 OK
16:12 sub-50064 OK
16:18 sub-50066 OK
16:18 FAILED sub-50067
16:18 FAILED sub-50069
16:18 FAILED sub-50073
16:18 FAILED sub-50075
16:18 FAILED sub-50076
16:18 FAILED sub-50077
16:18 FAILED sub-50080
16:18 FAILED sub-50081
16:18 FAILED sub-50083
16:18 FAILED sub-50085
16:18 BATCH RESUME (proxy port changed after harness restart; 10 download failures cleared)
16:24 sub-50067 OK
16:29 sub-50069 OK
16:37 sub-50073 OK
16:43 sub-50075 OK
16:49 sub-50076 OK
16:55 sub-50077 OK
16:55 FAILED sub-50080
17:00 sub-50081 OK
17:06 sub-50083 OK
17:12 sub-50085 OK
17:12 FINAL PASS (sub-50080 retry)
17:18 sub-50080 OK
17:18 DPABI BATCH DONE
