fastp: fastp 1.3.6

== Part A: census of src/knownadapters.h
  built-in adapters: 234; longer than 60 nt: 139 (59 %); of those, without a shorter built-in prefix: 85
  families that can be selected and then discarded:
      36  RNA PCR Primer, Index
       1  PrefixPE/
       1  RNA_PCR_Primer_Index_5_(RPI5)
       1  RNA_PCR_Primer_Index_25_(RPI25)
       1  RNA_PCR_Primer_Index_8_(RPI8)
       1  RNA_PCR_Primer_Index_13_(RPI13)
       1  RNA_PCR_Primer_Index_14_(RPI14)
       1  RNA_PCR_Primer_Index_1_(RPI1)_2,

== Part B: single-end, 20000 reads of 100 nt, every read carries the adapter
  built-in adapter                    len   printed by fastp  auto: trimmed  explicit -a: trimmed
  TruSeq Universal Adapter (58 nt)     58              58 nt          20000                 20000  
  TruSeq Adapter Read 1 (33 nt)        33              33 nt          20000                 20000  
  TruSeq Small RNA RPI1 (63 nt)        63              63 nt     no section                 20000  -> DISCARDED
  TruSeq Adapter Index 5 (63 nt)       63              33 nt          20000                 20000  
  Reverse_adapter (64 nt)              64              33 nt          20000                 20000  
  RNA PCR Primer Index 35 (63 nt)      63              63 nt     no section                 20000  -> DISCARDED
  pcr_dimer (119 nt)                  119              58 nt          20000                 20000  

== Part C: paired-end with --detect_adapter_for_pe (adapter trimming by overlap still runs)
  built-in adapter                    len   read1_adapter_sequence  trimmed reads
  TruSeq Universal Adapter (58 nt)     58 AATGATACGGCGACCACCGAGATC          40000
  TruSeq Small RNA RPI1 (63 nt)        63              unspecified            352
  TruSeq Adapter Index 5 (63 nt)       63 AGATCGGAAGAGCACACGTCTGAA          40000

== Part D: what stays in the reads (SE, TruSeq Small RNA RPI1, 63 nt)
  reads whose adapter was not removed: 2000/2000
  adapter bases left in the output:    143014
  stderr said: Detecting adapter sequence for read1... | No adapter detected for read1 | reads failed due to adapter dimer: 0 | reads with adapter trimmed: 0 | bases trimmed due to adapters: 0
