fastp: fastp 1.3.6

== Part A: 200 reads per group, 100 nt, adapter starts at base 40, -a AGATCGGAAGAGCACACGTCTGAACTCCAGTCA
  group                               trimmed to 40 nt  untrimmed   other
  exact adapter (control)                          200          0       0
  adapter + 1 inserted base (p=5)                    0        200       0
  adapter + 1 inserted base (p=16)                   0        199       1
  adapter + 1 inserted base (p=28)                   0        200       0
  adapter - 1 deleted base (p=5)                     0        200       0
  adapter - 1 deleted base (p=16)                    0        200       0
  adapter with 1 substitution                      200          0       0

== Part B: 5,000 random reads vs the two ports (adapter at a random position, 0/1 indel/substitution)
  shipped binary == port with the offset IGNORED (as coded): 5000/5000
  shipped binary == port with the offset APPLIED (intended): 3544/5000
  reads trimmed: shipped 2556, with the offset applied 3987
  planted       reads  shipped trims  offset applied
  none           1013              0               0
  exact           978            978             978
  sub            1049           1049            1049
  ins             993            263             993
  del             967            266             967

== Part C: same read content, adapter (with one inserted base) moved along the read
  adapter starts at base  0: output lengths {0: 200}   (correct: 0)
  adapter starts at base  1: output lengths {91: 50, 92: 1, 100: 149}   (correct: 1)
  adapter starts at base  5: output lengths {100: 200}   (correct: 5)
  adapter starts at base 20: output lengths {100: 200}   (correct: 20)
  adapter starts at base 40: output lengths {100: 200}   (correct: 40)
  adapter starts at base 60: output lengths {93: 1, 100: 199}   (correct: 60)
