fastp: fastp 1.3.6

== H1: poly-G / poly-X trimming vs the ports (20,000 constructed tails)
  -g (poly_g_min_len 10)       reads equal to the port: 20000/20000
  -g --poly_g_min_len 5        reads equal to the port: 20000/20000
  -g --poly_g_min_len 20       reads equal to the port: 20000/20000
  -x (poly_x_min_len 10)       reads equal to the port: 20000/20000
  -x --poly_x_min_len 15       reads equal to the port: 20000/20000

== H2: base correction (-c): GOOD_QUAL = Q30, BAD_QUAL = Q14 (basecorrector.cpp:20-21)
  case                                          corrected_bases   expected    r1 out   r2 out
  r1 Q40, r2 Q2   -> r2 takes r1's base                       1          1      kept  changed
  r1 Q2,  r2 Q40  -> r1 takes r2's base                       1          1   changed     kept
  r1 Q30, r2 Q14  -> boundary, corrected                      1          1      kept  changed
  r1 Q29, r2 Q14  -> not corrected                            0          0      kept     kept
  r1 Q30, r2 Q15  -> not corrected                            0          0      kept     kept
  r1 Q40, r2 Q20  -> not corrected                            0          0      kept     kept

== H3: UMI extraction
  --umi_loc read1 --umi_len 8              name ok   seq ok
  ... --umi_skip 3                         name ok   seq ok
  ... --umi_prefix UMI                     name ok   seq ok
  --umi_loc index1 (from the read name)    name ok   seq ok

== H4: --reads_to_process
  --reads_to_process     1: total_reads     1 (expected     1)  first read kept is r0  ok
  --reads_to_process   999: total_reads   999 (expected   999)  first read kept is r0  ok
  --reads_to_process  1000: total_reads  1000 (expected  1000)  first read kept is r0  ok
  --reads_to_process  1001: total_reads  1001 (expected  1001)  first read kept is r0  ok
  --reads_to_process  4999: total_reads  4999 (expected  4999)  first read kept is r0  ok
  --reads_to_process  5000: total_reads  5000 (expected  5000)  first read kept is r0  ok
  --reads_to_process  6000: total_reads  5000 (expected  5000)  first read kept is r0  ok

== H5: --split / --split_by_lines: reads conserved
  --split 4              files   4 (expected 4)   reads  5000/5000   duplicated 0   missing 0
  --split 7              files   7 (expected 7)   reads  5000/5000   duplicated 0   missing 0
  --split_by_lines 4000  files   6 (expected n/a)   reads  5000/5000   duplicated 0   missing 0

== H6: duplication rate against a known duplication level (SE and PE)
  true duplication 0.0000: fastp SE 0.0000  PE 0.0000  | --dedup keeps 20000 reads (distinct = 20000)
  true duplication 0.2000: fastp SE 0.2000  PE 0.2000  | --dedup keeps 16000 reads (distinct = 16000)
  true duplication 0.5000: fastp SE 0.5000  PE 0.5000  | --dedup keeps 10000 reads (distinct = 10000)
